Archive member included to satisfy reference by file (symbol)

app/libapp.a(main.c.obj)      (--whole-archive)
app/libapp.a(FlashSPI.c.obj)  (--whole-archive)
app/libapp.a(AES_CTR.c.obj)   (--whole-archive)
app/libapp.a(PIN_CTRL.c.obj)  (--whole-archive)
app/libapp.a(MQTT_Queue.c.obj)
                              (--whole-archive)
app/libapp.a(Com_State_Machine.c.obj)
                              (--whole-archive)
app/libapp.a(bg95.c.obj)      (--whole-archive)
app/libapp.a(Comm_Mgr.c.obj)  (--whole-archive)
app/libapp.a(thuraya.c.obj)   (--whole-archive)
app/libapp.a(GPS.c.obj)       (--whole-archive)
app/libapp.a(lock.c.obj)      (--whole-archive)
app/libapp.a(NRF_SM.c.obj)    (--whole-archive)
app/libapp.a(BLE_mgr.c.obj)   (--whole-archive)
zephyr/libzephyr.a(cbprintf.c.obj)
                              (--whole-archive)
zephyr/libzephyr.a(cbprintf_packaged.c.obj)
                              (--whole-archive)
zephyr/libzephyr.a(crc32c_sw.c.obj)
                              (--whole-archive)
zephyr/libzephyr.a(crc32_sw.c.obj)
                              (--whole-archive)
zephyr/libzephyr.a(crc16_sw.c.obj)
                              (--whole-archive)
zephyr/libzephyr.a(crc8_sw.c.obj)
                              (--whole-archive)
zephyr/libzephyr.a(crc7_sw.c.obj)
                              (--whole-archive)
zephyr/libzephyr.a(dec.c.obj)
                              (--whole-archive)
zephyr/libzephyr.a(fdtable.c.obj)
                              (--whole-archive)
zephyr/libzephyr.a(hex.c.obj)
                              (--whole-archive)
zephyr/libzephyr.a(notify.c.obj)
                              (--whole-archive)
zephyr/libzephyr.a(printk.c.obj)
                              (--whole-archive)
zephyr/libzephyr.a(onoff.c.obj)
                              (--whole-archive)
zephyr/libzephyr.a(rb.c.obj)  (--whole-archive)
zephyr/libzephyr.a(sem.c.obj)
                              (--whole-archive)
zephyr/libzephyr.a(thread_entry.c.obj)
                              (--whole-archive)
zephyr/libzephyr.a(timeutil.c.obj)
                              (--whole-archive)
zephyr/libzephyr.a(heap.c.obj)
                              (--whole-archive)
zephyr/libzephyr.a(heap-validate.c.obj)
                              (--whole-archive)
zephyr/libzephyr.a(bitarray.c.obj)
                              (--whole-archive)
zephyr/libzephyr.a(multi_heap.c.obj)
                              (--whole-archive)
zephyr/libzephyr.a(cbprintf_complete.c.obj)
                              (--whole-archive)
zephyr/libzephyr.a(json.c.obj)
                              (--whole-archive)
zephyr/libzephyr.a(assert.c.obj)
                              (--whole-archive)
zephyr/libzephyr.a(reboot.c.obj)
                              (--whole-archive)
zephyr/libzephyr.a(configs.c.obj)
                              (--whole-archive)
zephyr/libzephyr.a(soc_nrf_common.S.obj)
                              (--whole-archive)
zephyr/libzephyr.a(validate_base_addresses.c.obj)
                              (--whole-archive)
zephyr/libzephyr.a(validate_enabled_instances.c.obj)
                              (--whole-archive)
zephyr/libzephyr.a(log_minimal.c.obj)
                              (--whole-archive)
zephyr/libzephyr.a(flash_img.c.obj)
                              (--whole-archive)
zephyr/libzephyr.a(addr_utils.c.obj)
                              (--whole-archive)
zephyr/libzephyr.a(flash_map.c.obj)
                              (--whole-archive)
zephyr/libzephyr.a(flash_map_default.c.obj)
                              (--whole-archive)
zephyr/libzephyr.a(flash_map_layout.c.obj)
                              (--whole-archive)
zephyr/libzephyr.a(stream_flash.c.obj)
                              (--whole-archive)
zephyr/libzephyr.a(pm.c.obj)  (--whole-archive)
zephyr/libzephyr.a(constraint.c.obj)
                              (--whole-archive)
zephyr/libzephyr.a(device.c.obj)
                              (--whole-archive)
zephyr/libzephyr.a(residency.c.obj)
                              (--whole-archive)
zephyr/libzephyr.a(tracing_none.c.obj)
                              (--whole-archive)
zephyr/libzephyr.a(scan.c.obj)
                              (--whole-archive)
zephyr/libzephyr.a(lbs.c.obj)
                              (--whole-archive)
zephyr/libzephyr.a(utils.c.obj)
                              (--whole-archive)
zephyr/libzephyr.a(aes_decrypt.c.obj)
                              (--whole-archive)
zephyr/libzephyr.a(aes_encrypt.c.obj)
                              (--whole-archive)
zephyr/libzephyr.a(cbc_mode.c.obj)
                              (--whole-archive)
zephyr/libzephyr.a(ctr_mode.c.obj)
                              (--whole-archive)
zephyr/libzephyr.a(ccm_mode.c.obj)
                              (--whole-archive)
zephyr/libzephyr.a(cmac_mode.c.obj)
                              (--whole-archive)
zephyr/arch/common/libarch__common.a(sw_isr_common.c.obj)
[...]
Memory Configuration

Name             Origin             Length             Attributes
FLASH            0x00000000         0x00080000         xr
SRAM             0x20000000         0x00010000         xw
IDT_LIST         0xfffff7ff         0x00000800         xw
*default*        0x00000000         0xffffffff

Linker script and memory map

LOAD zephyr/CMakeFiles/zephyr_pre0.dir/misc/empty_file.c.obj
                0x00000020                _region_min_align = 0x20

.rel.plt        0x00000000        0x0
 *(SORT_BY_ALIGNMENT(.rel.plt))
                [!provide]                PROVIDE (__rel_iplt_start = .)
 *(SORT_BY_ALIGNMENT(.rel.iplt))
 .rel.iplt      0x00000000        0x0 app/libapp.a(main.c.obj)
                [!provide]                PROVIDE (__rel_iplt_end = .)

.rela.plt       0x00000000        0x0
 *(SORT_BY_ALIGNMENT(.rela.plt))
                [!provide]                PROVIDE (__rela_iplt_start = .)
 *(SORT_BY_ALIGNMENT(.rela.iplt))
                [!provide]                PROVIDE (__rela_iplt_end = .)

.rel.dyn
 *(SORT_BY_ALIGNMENT(.rel.*))

.rela.dyn
 *(SORT_BY_ALIGNMENT(.rela.*))

/DISCARD/
 *(SORT_BY_ALIGNMENT(.plt))
 *(SORT_BY_ALIGNMENT(.iplt))
 *(SORT_BY_ALIGNMENT(.got.plt))
 *(SORT_BY_ALIGNMENT(.igot.plt))
 *(SORT_BY_ALIGNMENT(.got))
 *(SORT_BY_ALIGNMENT(.igot))
 *(SORT_BY_ALIGNMENT(.note.GNU-stack))
                0x00000000                __rom_region_start = 0x0

rom_start       0x00000000       0xdc
                0x00000000                . = 0x0
                0x00000000                . = ALIGN (0x4)
                0x00000000                . = ALIGN (0x80)
                0x00000000                . = ALIGN (0x100)
                0x00000000                _vector_start = .
 *(SORT_BY_ALIGNMENT(.exc_vector_table))
 *(SORT_BY_ALIGNMENT(.exc_vector_table.*))
 .exc_vector_table._vector_table_section
                0x00000000       0x40 zephyr/arch/arch/arm/core/aarch32/cortex_m/libarch__arm__core__aarch32__cortex_m.a(vector_table.S.obj)
                0x00000000                _vector_table
 *(SORT_BY_ALIGNMENT(.gnu.linkonce.irq_vector_table*))
 .gnu.linkonce.irq_vector_table
                0x00000040       0x9c zephyr/arch/common/libisr_tables.a(isr_tables.c.obj)
                0x00000040                _irq_vector_table
 *(SORT_BY_ALIGNMENT(.vectors))
                0x000000dc                _vector_end = .

text            0x000000e0    0x2de50
                0x000000e0                __text_region_start = .
 *(SORT_BY_ALIGNMENT(.text))
 .text          0x000000e0       0x30 c:/ncs2/v1.9.1/toolchain/opt/bin/../lib/gcc/arm-none-eabi/9.2.1/thumb/v7e-m/nofp\libgcc.a(_aeabi_uldivmod.o)
                0x000000e0                __aeabi_uldivmod
 .text          0x00000110      0x2c0 c:/ncs2/v1.9.1/toolchain/opt/bin/../lib/gcc/arm-none-eabi/9.2.1/thumb/v7e-m/nofp\libgcc.a(_udivmoddi4.o)
                0x00000110                __udivmoddi4
 .text          0x000003d0        0x4 c:/ncs2/v1.9.1/toolchain/opt/bin/../lib/gcc/arm-none-eabi/9.2.1/thumb/v7e-m/nofp\libgcc.a(_dvmd_tls.o)
                0x000003d0                __aeabi_idiv0
                0x000003d0                __aeabi_ldiv0
 *(SORT_BY_ALIGNMENT(.text.*))
 *fill*         0x000003d4        0x4 
 .text.ull_drift_ticks_get
                0x000003d8       0x8c zephyr/subsys/bluetooth/controller/libsubsys__bluetooth__controller.a(ull.c.obj)
                0x000003d8                ull_drift_ticks_get
 *fill*         0x00000464        0x4 
 .text.ll_adv_enable
                0x00000468      0x574 zephyr/subsys/bluetooth/controller/libsubsys__bluetooth__controller.a(ull_adv.c.obj)
                0x00000468                ll_adv_enable
 *fill*         0x000009dc        0x4 
 .text.ull_adv_time_update
                0x000009e0       0xb0 zephyr/subsys/bluetooth/controller/libsubsys__bluetooth__controller.a(ull_adv.c.obj)
                0x000009e0                ull_adv_time_update
 .text.ll_scan_params_set
                0x00000a90       0x70 zephyr/subsys/bluetooth/controller/libsubsys__bluetooth__controller.a(ull_scan.c.obj)
                0x00000a90                ll_scan_params_set
 .text.ull_scan_params_set
                0x00000b00       0x4c zephyr/subsys/bluetooth/controller/libsubsys__bluetooth__controller.a(ull_scan.c.obj)
                0x00000b00                ull_scan_params_set
 *fill*         0x00000b4c        0x4 
 .text.ull_scan_enable
                0x00000b50      0x180 zephyr/subsys/bluetooth/controller/libsubsys__bluetooth__controller.a(ull_scan.c.obj)
                0x00000b50                ull_scan_enable
 .text.event_conn_upd_prep
                0x00000cd0      0x71c zephyr/subsys/bluetooth/controller/libsubsys__bluetooth__controller.a(ull_conn.c.obj)
 *fill*         0x000013ec        0x4 
 .text.ull_periph_setup
                0x000013f0      0x468 zephyr/subsys/bluetooth/controller/libsubsys__bluetooth__controller.a(ull_peripheral.c.obj)
                0x000013f0                ull_periph_setup
 .text.ll_create_connection
                0x00001858      0x464 zephyr/subsys/bluetooth/controller/libsubsys__bluetooth__controller.a(ull_central.c.obj)
                0x00001858                ll_create_connection
 *fill*         0x00001cbc        0x4 
 .text.ull_central_setup
                0x00001cc0      0x298 zephyr/subsys/bluetooth/controller/libsubsys__bluetooth__controller.a(ull_central.c.obj)
                0x00001cc0                ull_central_setup
 .text.ull_sched_after_mstr_slot_get
                0x00001f58      0x120 zephyr/subsys/bluetooth/controller/libsubsys__bluetooth__controller.a(ull_sched.c.obj)
                0x00001f58                ull_sched_after_mstr_slot_get
 .text.after_mstr_offset_get
                0x00002078       0x94 zephyr/subsys/bluetooth/controller/libsubsys__bluetooth__controller.a(ull_sched.c.obj)
 *fill*         0x0000210c        0x4 
 .text.ull_sched_mfy_win_offset_select
                0x00002110      0x144 zephyr/subsys/bluetooth/controller/libsubsys__bluetooth__controller.a(ull_sched.c.obj)
                0x00002110                ull_sched_mfy_win_offset_select
 *fill*         0x00002254        0x4 
 .text.isr_window
                0x00002258       0x9c zephyr/subsys/bluetooth/controller/libsubsys__bluetooth__controller.a(lll_scan.c.obj)
 *fill*         0x000022f4        0x4 
 .text.isr_rx   0x000022f8      0x448 zephyr/subsys/bluetooth/controller/libsubsys__bluetooth__controller.a(lll_scan.c.obj)
 .text.nrf_flash_sync_exe
                0x00002740       0xf0 zephyr/drivers/flash/libdrivers__flash.a(soc_flash_nrf_ticker.c.obj)
                0x00002740                nrf_flash_sync_exe
 .text.nrf_flash_sync_check_time_limit
                0x00002830       0x48 zephyr/drivers/flash/libdrivers__flash.a(soc_flash_nrf_ticker.c.obj)
                0x00002830                nrf_flash_sync_check_time_limit
 .text.gpio_pin_set
                0x00002878       0x74 app/libapp.a(main.c.obj)
 .text.z_zassert_.constprop.0
                0x000028ec       0x28 app/libapp.a(main.c.obj)
 .text.test_case_3
                0x00002914       0x9c app/libapp.a(main.c.obj)
                0x00002914                test_case_3
 .text.test_case_2
                0x000029b0       0x9c app/libapp.a(main.c.obj)
                0x000029b0                test_case_2
 .text.test_case_1
                0x00002a4c      0x208 app/libapp.a(main.c.obj)
                0x00002a4c                test_case_1
 .text.test_main
                0x00002c54       0x60 app/libapp.a(main.c.obj)
                0x00002c54                test_main
 .text.gpio_pin_set.constprop.0
                0x00002cb4       0x68 app/libapp.a(FlashSPI.c.obj)
 .text.getFifoIndex
                0x00002d1c       0x1c app/libapp.a(FlashSPI.c.obj)
 .text.writeFifoToFlash
                0x00002d38       0x94 app/libapp.a(FlashSPI.c.obj)
                0x00002d38                writeFifoToFlash
 .text.removeFifoFromFlash
                0x00002dcc       0x70 app/libapp.a(FlashSPI.c.obj)
                0x00002dcc                removeFifoFromFlash
 .text.importFifoFromFlash
                0x00002e3c       0x78 app/libapp.a(FlashSPI.c.obj)
                0x00002e3c                importFifoFromFlash
 .text.FLASH_INIT
                0x00002eb4       0xa8 app/libapp.a(FlashSPI.c.obj)
                0x00002eb4                FLASH_INIT
 .text.flashSaveAssignedTags
                0x00002f5c       0x30 app/libapp.a(FlashSPI.c.obj)
                0x00002f5c                flashSaveAssignedTags
 .text.cipher_ctr_op
                0x00002f8c       0x3c app/libapp.a(AES_CTR.c.obj)
 .text.cipher_begin_session.constprop.0
                0x00002fc8       0xb0 app/libapp.a(AES_CTR.c.obj)
 .text.ctr_mode
                0x00003078      0x140 app/libapp.a(AES_CTR.c.obj)
                0x00003078                ctr_mode
 .text.gpio_pin_configure
                0x000031b8       0x58 app/libapp.a(PIN_CTRL.c.obj)
 .text.gpio_pin_set
                0x00003210       0x74 app/libapp.a(PIN_CTRL.c.obj)
 .text.GPIO_INIT
                0x00003284      0x1cc app/libapp.a(PIN_CTRL.c.obj)
                0x00003284                GPIO_INIT
 .text.MQTT_InitFIFO
                0x00003450       0x10 app/libapp.a(MQTT_Queue.c.obj)
                0x00003450                MQTT_InitFIFO
 .text.pointersDiff
                0x00003460       0x20 app/libapp.a(MQTT_Queue.c.obj)
                0x00003460                pointersDiff
 .text.MQTT_PushFIFO
                0x00003480      0x1a8 app/libapp.a(MQTT_Queue.c.obj)
                0x00003480                MQTT_PushFIFO
 .text.MQTT_PullFIFO
                0x00003628      0x410 app/libapp.a(MQTT_Queue.c.obj)
                0x00003628                MQTT_PullFIFO
 .text.__NVIC_SystemReset
                0x00003a38       0x24 app/libapp.a(bg95.c.obj)
 .text.gpio_pin_set
                0x00003a5c       0x74 app/libapp.a(bg95.c.obj)
 .text.unixtime
                0x00003ad0       0x88 app/libapp.a(bg95.c.obj)
                0x00003ad0                unixtime
 .text.parseConfig
                0x00003b58      0x1a4 app/libapp.a(bg95.c.obj)
                0x00003b58                parseConfig
 .text.BG95_StateMachine
                0x00003cfc     0x1944 app/libapp.a(bg95.c.obj)
                0x00003cfc                BG95_StateMachine
 .text.uart_fifo_callback
                0x00005640       0x88 app/libapp.a(Comm_Mgr.c.obj)
 .text.COMM_MGR_INIT
                0x000056c8       0x38 app/libapp.a(Comm_Mgr.c.obj)
                0x000056c8                COMM_MGR_INIT
 .text.gpio_pin_set
                0x00005700       0x74 app/libapp.a(GPS.c.obj)
 .text.GPS_StateMachine
                0x00005774      0xb70 app/libapp.a(GPS.c.obj)
                0x00005774                GPS_StateMachine
 .text.gpio_pin_set
                0x000062e4       0x74 app/libapp.a(lock.c.obj)
 .text.Is_Bolt_Present
                0x00006358       0x80 app/libapp.a(lock.c.obj)
                0x00006358                Is_Bolt_Present
 .text.Lock_Unlock
                0x000063d8       0xe4 app/libapp.a(lock.c.obj)
                0x000063d8                Lock_Unlock
 .text.eir_found
                0x000064bc      0x3d0 app/libapp.a(NRF_SM.c.obj)
                0x000064bc                eir_found
 .text.start_scan
                0x0000688c       0x48 app/libapp.a(NRF_SM.c.obj)
                0x0000688c                start_scan
 .text.mpu_ccc_cfg_changed
                0x000068d4       0x10 app/libapp.a(BLE_mgr.c.obj)
 .text.disconnected
                0x000068e4       0x30 app/libapp.a(BLE_mgr.c.obj)
                0x000068e4                disconnected
 .text.read_char
                0x00006914       0x1c app/libapp.a(BLE_mgr.c.obj)
 .text.connected
                0x00006930       0x94 app/libapp.a(BLE_mgr.c.obj)
                0x00006930                connected
 .text.scan_filter_match
                0x000069c4       0x94 app/libapp.a(BLE_mgr.c.obj)
 .text.Check_Lock_Status
                0x00006a58       0x18 app/libapp.a(BLE_mgr.c.obj)
                0x00006a58                Check_Lock_Status
 .text.recv     0x00006a70      0x264 app/libapp.a(BLE_mgr.c.obj)
 .text.BLE_INIT
                0x00006cd4       0xb4 app/libapp.a(BLE_mgr.c.obj)
                0x00006cd4                BLE_INIT
 .text.sys_notify_finalize
                0x00006d88       0x58 zephyr/libzephyr.a(notify.c.obj)
                0x00006d88                sys_notify_finalize
 .text.char_out
                0x00006de0       0x10 zephyr/libzephyr.a(printk.c.obj)
 .text.__printk_hook_install
                0x00006df0        0xc zephyr/libzephyr.a(printk.c.obj)
                0x00006df0                __printk_hook_install
 .text.vprintk  0x00006dfc       0x1c zephyr/libzephyr.a(printk.c.obj)
                0x00006dfc                vprintk
 .text.vsnprintk
                0x00006e18       0x28 zephyr/libzephyr.a(printk.c.obj)
                0x00006e18                vsnprintk
 .text.process_event
                0x00006e40      0x374 zephyr/libzephyr.a(onoff.c.obj)
 .text.transition_complete
                0x000071b4       0x54 zephyr/libzephyr.a(onoff.c.obj)
 .text.onoff_request
                0x00007208      0x108 zephyr/libzephyr.a(onoff.c.obj)
                0x00007208                onoff_request
 .text.onoff_release
                0x00007310       0xb8 zephyr/libzephyr.a(onoff.c.obj)
                0x00007310                onoff_release
 .text.sys_heap_free
                0x000073c8       0x70 zephyr/libzephyr.a(heap.c.obj)
                0x000073c8                sys_heap_free
 .text.sys_heap_aligned_alloc
                0x00007438       0xf8 zephyr/libzephyr.a(heap.c.obj)
                0x00007438                sys_heap_aligned_alloc
 .text.sys_heap_init
                0x00007530       0xf0 zephyr/libzephyr.a(heap.c.obj)
                0x00007530                sys_heap_init
 .text.cbvprintf
                0x00007620      0x780 zephyr/libzephyr.a(cbprintf_complete.c.obj)
                0x00007620                cbvprintf
 .text.lexer_string
                0x00007da0       0xf4 zephyr/libzephyr.a(json.c.obj)
 .text.lexer_boolean
                0x00007e94       0x54 zephyr/libzephyr.a(json.c.obj)
 .text.lexer_number
                0x00007ee8       0x30 zephyr/libzephyr.a(json.c.obj)
 .text.lexer_json
                0x00007f18       0xb8 zephyr/libzephyr.a(json.c.obj)
 .text.lexer_null
                0x00007fd0       0x38 zephyr/libzephyr.a(json.c.obj)
 .text.arr_parse
                0x00008008       0xbc zephyr/libzephyr.a(json.c.obj)
 .text.json_obj_parse
                0x000080c4       0x6c zephyr/libzephyr.a(json.c.obj)
                0x000080c4                json_obj_parse
 .text.sys_reboot
                0x00008130       0x28 zephyr/libzephyr.a(reboot.c.obj)
                0x00008130                sys_reboot
 .text.flash_area_open
                0x00008158       0x3c zephyr/libzephyr.a(flash_map.c.obj)
                0x00008158                flash_area_open
 .text.flash_sync
                0x00008194       0xf8 zephyr/libzephyr.a(stream_flash.c.obj)
 .text.find_flash_total_size
                0x0000828c       0x28 zephyr/libzephyr.a(stream_flash.c.obj)
 .text.stream_flash_init
                0x000082b4       0xa0 zephyr/libzephyr.a(stream_flash.c.obj)
                0x000082b4                stream_flash_init
 .text.pm_state_notify
                0x00008354       0xa8 zephyr/libzephyr.a(pm.c.obj)
 .text.pm_resume_devices
                0x000083fc       0x2c zephyr/libzephyr.a(pm.c.obj)
 .text.atomic_test_and_set_bit.constprop.0
                0x00008428       0x38 zephyr/libzephyr.a(pm.c.obj)
 .text.pm_system_resume
                0x00008460       0x88 zephyr/libzephyr.a(pm.c.obj)
                0x00008460                pm_system_resume
 .text.pm_system_suspend
                0x000084e8      0x208 zephyr/libzephyr.a(pm.c.obj)
                0x000084e8                pm_system_suspend
 .text.pm_device_state_str
                0x000086f0       0x18 zephyr/libzephyr.a(device.c.obj)
                0x000086f0                pm_device_state_str
 .text.scan_default_param_set
                0x00008708       0x24 zephyr/libzephyr.a(scan.c.obj)
 .text.adv_data_found
                0x0000872c       0x58 zephyr/libzephyr.a(scan.c.obj)
 .text.notify_filter_matched.constprop.0
                0x00008784       0x30 zephyr/libzephyr.a(scan.c.obj)
 .text.bt_scan_cb_register
                0x000087b4       0x20 zephyr/libzephyr.a(scan.c.obj)
                0x000087b4                bt_scan_cb_register
 .text.bt_scan_filter_add
                0x000087d4       0x74 zephyr/libzephyr.a(scan.c.obj)
                0x000087d4                bt_scan_filter_add
 .text.bt_scan_filter_disable
                0x00008848       0x24 zephyr/libzephyr.a(scan.c.obj)
                0x00008848                bt_scan_filter_disable
 .text.bt_scan_filter_enable
                0x0000886c       0x5c zephyr/libzephyr.a(scan.c.obj)
                0x0000886c                bt_scan_filter_enable
 .text.scan_connect_with_target.part.0
                0x000088c8       0x7c zephyr/libzephyr.a(scan.c.obj)
 .text.scan_recv
                0x00008944       0xdc zephyr/libzephyr.a(scan.c.obj)
 .text.bt_scan_init
                0x00008a20       0x74 zephyr/libzephyr.a(scan.c.obj)
                0x00008a20                bt_scan_init
 .text.bt_scan_start
                0x00008a94       0x24 zephyr/libzephyr.a(scan.c.obj)
                0x00008a94                bt_scan_start
 .text.lbslc_ccc_cfg_changed
                0x00008ab8       0x10 zephyr/libzephyr.a(lbs.c.obj)
 .text.write_led
                0x00008ac8       0x3c zephyr/libzephyr.a(lbs.c.obj)
 .text.read_button
                0x00008b04       0x44 zephyr/libzephyr.a(lbs.c.obj)
 .text.bt_lbs_init
                0x00008b48       0x14 zephyr/libzephyr.a(lbs.c.obj)
                0x00008b48                bt_lbs_init
 .text.tc_aes_decrypt
                0x00008b5c       0xd4 zephyr/libzephyr.a(aes_decrypt.c.obj)
                0x00008b5c                tc_aes_decrypt
 .text.tc_aes128_set_encrypt_key
                0x00008c30       0xa4 zephyr/libzephyr.a(aes_encrypt.c.obj)
                0x00008c30                tc_aes128_set_encrypt_key
 .text.tc_aes_encrypt
                0x00008cd4       0xd4 zephyr/libzephyr.a(aes_encrypt.c.obj)
                0x00008cd4                tc_aes_encrypt
 .text.z_arm_cpu_idle_init
                0x00008da8        0xc zephyr/arch/arch/arm/core/aarch32/libarch__arm__core__aarch32.a(cpu_idle.S.obj)
                0x00008da8                z_arm_cpu_idle_init
 .text.arch_cpu_idle
                0x00008db4       0x1c zephyr/arch/arch/arm/core/aarch32/libarch__arm__core__aarch32.a(cpu_idle.S.obj)
                0x00008db4                arch_cpu_idle
 .text.arch_cpu_atomic_idle
                0x00008dd0       0x14 zephyr/arch/arch/arm/core/aarch32/libarch__arm__core__aarch32.a(cpu_idle.S.obj)
                0x00008dd0                arch_cpu_atomic_idle
 .text.z_arm_fatal_error
                0x00008de4       0x5c zephyr/arch/arch/arm/core/aarch32/libarch__arm__core__aarch32.a(fatal.c.obj)
                0x00008de4                z_arm_fatal_error
 .text.arch_irq_enable
                0x00008e40       0x20 zephyr/arch/arch/arm/core/aarch32/libarch__arm__core__aarch32.a(irq_manage.c.obj)
                0x00008e40                arch_irq_enable
 .text.arch_irq_disable
                0x00008e60       0x28 zephyr/arch/arch/arm/core/aarch32/libarch__arm__core__aarch32.a(irq_manage.c.obj)
                0x00008e60                arch_irq_disable
 .text.arch_irq_is_enabled
                0x00008e88       0x1c zephyr/arch/arch/arm/core/aarch32/libarch__arm__core__aarch32.a(irq_manage.c.obj)
                0x00008e88                arch_irq_is_enabled
 .text.z_arm_irq_priority_set
                0x00008ea4       0x50 zephyr/arch/arch/arm/core/aarch32/libarch__arm__core__aarch32.a(irq_manage.c.obj)
                0x00008ea4                z_arm_irq_priority_set
 .text._arch_isr_direct_pm
                0x00008ef4       0x1c zephyr/arch/arch/arm/core/aarch32/libarch__arm__core__aarch32.a(irq_manage.c.obj)
                0x00008ef4                _arch_isr_direct_pm
 .text.z_SysNmiOnReset
                0x00008f10        0x8 zephyr/arch/arch/arm/core/aarch32/libarch__arm__core__aarch32.a(nmi_on_reset.S.obj)
                0x00008f10                z_SysNmiOnReset
 .text.z_arm_prep_c
                0x00008f18       0x38 zephyr/arch/arch/arm/core/aarch32/libarch__arm__core__aarch32.a(prep_c.c.obj)
                0x00008f18                z_arm_prep_c
 .text.arch_swap
                0x00008f50       0x38 zephyr/arch/arch/arm/core/aarch32/libarch__arm__core__aarch32.a(swap.c.obj)
                0x00008f50                arch_swap
 .text.z_arm_pendsv
                0x00008f88       0x58 zephyr/arch/arch/arm/core/aarch32/libarch__arm__core__aarch32.a(swap_helper.S.obj)
                0x00008f88                z_arm_pendsv
 .text.z_arm_svc
                0x00008fe0       0x20 zephyr/arch/arch/arm/core/aarch32/libarch__arm__core__aarch32.a(swap_helper.S.obj)
                0x00008fe0                z_arm_svc
 .text.arch_new_thread
                0x00009000       0x38 zephyr/arch/arch/arm/core/aarch32/libarch__arm__core__aarch32.a(thread.c.obj)
                0x00009000                arch_new_thread
 .text.z_check_thread_stack_fail
                0x00009038       0x38 zephyr/arch/arch/arm/core/aarch32/libarch__arm__core__aarch32.a(thread.c.obj)
                0x00009038                z_check_thread_stack_fail
 .text.arch_switch_to_main_thread
                0x00009070       0x2c zephyr/arch/arch/arm/core/aarch32/libarch__arm__core__aarch32.a(thread.c.obj)
                0x00009070                arch_switch_to_main_thread
 .text._isr_wrapper
                0x0000909c       0x40 zephyr/arch/arch/arm/core/aarch32/libarch__arm__core__aarch32.a(isr_wrapper.S.obj)
                0x0000909c                _isr_wrapper
 .text._HandlerModeExit
                0x000090dc       0x1c zephyr/arch/arch/arm/core/aarch32/cortex_m/libarch__arm__core__aarch32__cortex_m.a(exc_exit.S.obj)
                0x000090dc                z_arm_int_exit
                0x000090dc                z_arm_exc_exit
 .text.mem_manage_fault
                0x000090f8      0x108 zephyr/arch/arch/arm/core/aarch32/cortex_m/libarch__arm__core__aarch32__cortex_m.a(fault.c.obj)
 .text.bus_fault.isra.0
                0x00009200       0xb4 zephyr/arch/arch/arm/core/aarch32/cortex_m/libarch__arm__core__aarch32__cortex_m.a(fault.c.obj)
 .text.usage_fault.isra.0
                0x000092b4       0x98 zephyr/arch/arch/arm/core/aarch32/cortex_m/libarch__arm__core__aarch32__cortex_m.a(fault.c.obj)
 .text.z_arm_fault
                0x0000934c      0x1e8 zephyr/arch/arch/arm/core/aarch32/cortex_m/libarch__arm__core__aarch32__cortex_m.a(fault.c.obj)
                0x0000934c                z_arm_fault
 .text.z_arm_fault_init
                0x00009534       0x10 zephyr/arch/arch/arm/core/aarch32/cortex_m/libarch__arm__core__aarch32__cortex_m.a(fault.c.obj)
                0x00009534                z_arm_fault_init
 .text.__fault  0x00009544       0x14 zephyr/arch/arch/arm/core/aarch32/cortex_m/libarch__arm__core__aarch32__cortex_m.a(fault_s.S.obj)
                0x00009544                z_arm_usage_fault
                0x00009544                z_arm_mpu_fault
                0x00009544                z_arm_exc_spurious
                0x00009544                z_arm_debug_monitor
                0x00009544                z_arm_hard_fault
                0x00009544                z_arm_bus_fault
 .text.z_arm_interrupt_init
                0x00009558       0x18 zephyr/arch/arch/arm/core/aarch32/cortex_m/libarch__arm__core__aarch32__cortex_m.a(irq_init.c.obj)
                0x00009558                z_arm_interrupt_init
 .text._reset_section
                0x00009570       0x54 zephyr/arch/arch/arm/core/aarch32/cortex_m/libarch__arm__core__aarch32__cortex_m.a(reset.S.obj)
                0x00009570                __start
                0x00009570                z_arm_reset
 .text.z_arm_clear_arm_mpu_config
                0x000095c4       0x20 zephyr/arch/arch/arm/core/aarch32/cortex_m/libarch__arm__core__aarch32__cortex_m.a(scb.c.obj)
                0x000095c4                z_arm_clear_arm_mpu_config
 .text.z_arm_init_arch_hw_at_boot
                0x000095e4       0x64 zephyr/arch/arch/arm/core/aarch32/cortex_m/libarch__arm__core__aarch32__cortex_m.a(scb.c.obj)
                0x000095e4                z_arm_init_arch_hw_at_boot
 .text.z_impl_k_thread_abort
                0x00009648       0x24 zephyr/arch/arch/arm/core/aarch32/cortex_m/libarch__arm__core__aarch32__cortex_m.a(thread_abort.c.obj)
                0x00009648                z_impl_k_thread_abort
 .text.z_arm_configure_static_mpu_regions
                0x0000966c       0x18 zephyr/arch/arch/arm/core/aarch32/mpu/libarch__arm__core__aarch32__mpu.a(arm_core_mpu.c.obj)
                0x0000966c                z_arm_configure_static_mpu_regions
 .text.z_arm_configure_dynamic_mpu_regions
                0x00009684       0x24 zephyr/arch/arch/arm/core/aarch32/mpu/libarch__arm__core__aarch32__mpu.a(arm_core_mpu.c.obj)
                0x00009684                z_arm_configure_dynamic_mpu_regions
 .text.mpu_configure_regions
                0x000096a8       0x98 zephyr/arch/arch/arm/core/aarch32/mpu/libarch__arm__core__aarch32__mpu.a(arm_mpu.c.obj)
 .text.arm_core_mpu_enable
                0x00009740       0x14 zephyr/arch/arch/arm/core/aarch32/mpu/libarch__arm__core__aarch32__mpu.a(arm_mpu.c.obj)
                0x00009740                arm_core_mpu_enable
 .text.arm_core_mpu_disable
                0x00009754       0x10 zephyr/arch/arch/arm/core/aarch32/mpu/libarch__arm__core__aarch32__mpu.a(arm_mpu.c.obj)
                0x00009754                arm_core_mpu_disable
 .text.arm_core_mpu_configure_static_mpu_regions
                0x00009764       0x3c zephyr/arch/arch/arm/core/aarch32/mpu/libarch__arm__core__aarch32__mpu.a(arm_mpu.c.obj)
                0x00009764                arm_core_mpu_configure_static_mpu_regions
 .text.arm_core_mpu_configure_dynamic_mpu_regions
                0x000097a0       0x50 zephyr/arch/arch/arm/core/aarch32/mpu/libarch__arm__core__aarch32__mpu.a(arm_mpu.c.obj)
                0x000097a0                arm_core_mpu_configure_dynamic_mpu_regions
 .text.z_arm_mpu_init
                0x000097f0       0x98 zephyr/arch/arch/arm/core/aarch32/mpu/libarch__arm__core__aarch32__mpu.a(arm_mpu.c.obj)
                0x000097f0                z_arm_mpu_init
 .text.__stdout_hook_install
                0x00009888        0xc zephyr/lib/libc/minimal/liblib__libc__minimal.a(stdout_console.c.obj)
                0x00009888                __stdout_hook_install
 .text.z_impl_zephyr_fputc
                0x00009894       0x18 zephyr/lib/libc/minimal/liblib__libc__minimal.a(stdout_console.c.obj)
                0x00009894                z_impl_zephyr_fputc
 .text.sprintf  0x000098ac       0x30 zephyr/lib/libc/minimal/liblib__libc__minimal.a(sprintf.c.obj)
                0x000098ac                sprintf
 .text.printf   0x000098dc       0x24 zephyr/lib/libc/minimal/liblib__libc__minimal.a(fprintf.c.obj)
                0x000098dc                printf
 .text.nordicsemi_nrf52_init
                0x00009900       0x28 zephyr/soc/arm/nordic_nrf/nrf52/libsoc__arm__nordic_nrf__nrf52.a(soc.c.obj)
 .text.sys_arch_reboot
                0x00009928       0x2c zephyr/soc/arm/nordic_nrf/nrf52/libsoc__arm__nordic_nrf__nrf52.a(soc.c.obj)
                0x00009928                sys_arch_reboot
 .text.arch_busy_wait
                0x00009954       0x14 zephyr/soc/arm/nordic_nrf/nrf52/libsoc__arm__nordic_nrf__nrf52.a(soc.c.obj)
                0x00009954                arch_busy_wait
 .text.bt_hex_real
                0x00009968       0x44 zephyr/subsys/bluetooth/common/libsubsys__bluetooth__common.a(log.c.obj)
                0x00009968                bt_hex_real
 .text.bt_addr_le_str_real
                0x000099ac       0x7c zephyr/subsys/bluetooth/common/libsubsys__bluetooth__common.a(log.c.obj)
                0x000099ac                bt_addr_le_str_real
 .text.uuid_to_uuid128
                0x00009a28       0x7c zephyr/subsys/bluetooth/host/libsubsys__bluetooth__host.a(uuid.c.obj)
 .text.bt_buf_get_rx
                0x00009aa4       0x50 zephyr/subsys/bluetooth/host/libsubsys__bluetooth__host.a(buf.c.obj)
                0x00009aa4                bt_buf_get_rx
 .text.bt_buf_get_cmd_complete
                0x00009af4       0x34 zephyr/subsys/bluetooth/host/libsubsys__bluetooth__host.a(buf.c.obj)
                0x00009af4                bt_buf_get_cmd_complete
 .text.bt_buf_get_evt
                0x00009b28       0x54 zephyr/subsys/bluetooth/host/libsubsys__bluetooth__host.a(buf.c.obj)
                0x00009b28                bt_buf_get_evt
 .text.ver_str  0x00009b7c       0x38 zephyr/subsys/bluetooth/host/libsubsys__bluetooth__host.a(hci_core.c.obj)
 .text.hci_data_buf_overflow
                0x00009bb4       0x10 zephyr/subsys/bluetooth/host/libsubsys__bluetooth__host.a(hci_core.c.obj)
 .text.hci_disconn_complete_prio
                0x00009bc4       0x3c zephyr/subsys/bluetooth/host/libsubsys__bluetooth__host.a(hci_core.c.obj)
 .text.hci_disconn_complete
                0x00009c00       0x40 zephyr/subsys/bluetooth/host/libsubsys__bluetooth__host.a(hci_core.c.obj)
 .text.le_data_len_change
                0x00009c40       0x28 zephyr/subsys/bluetooth/host/libsubsys__bluetooth__host.a(hci_core.c.obj)
 .text.hci_hardware_error
                0x00009c68       0x1c zephyr/subsys/bluetooth/host/libsubsys__bluetooth__host.a(hci_core.c.obj)
 .text.hci_vendor_event
                0x00009c84       0x1c zephyr/subsys/bluetooth/host/libsubsys__bluetooth__host.a(hci_core.c.obj)
 .text.find_pending_connect.part.0
                0x00009ca0       0x38 zephyr/subsys/bluetooth/host/libsubsys__bluetooth__host.a(hci_core.c.obj)
 .text.find_pending_connect
                0x00009cd8       0x48 zephyr/subsys/bluetooth/host/libsubsys__bluetooth__host.a(hci_core.c.obj)
 .text.handle_event
                0x00009d20       0x60 zephyr/subsys/bluetooth/host/libsubsys__bluetooth__host.a(hci_core.c.obj)
 .text.hci_le_meta_event
                0x00009d80       0x20 zephyr/subsys/bluetooth/host/libsubsys__bluetooth__host.a(hci_core.c.obj)
 .text.hci_num_completed_packets
                0x00009da0       0xe0 zephyr/subsys/bluetooth/host/libsubsys__bluetooth__host.a(hci_core.c.obj)
 .text.le_conn_update_complete
                0x00009e80       0x94 zephyr/subsys/bluetooth/host/libsubsys__bluetooth__host.a(hci_core.c.obj)
 .text.hci_cmd_done
                0x00009f14      0x128 zephyr/subsys/bluetooth/host/libsubsys__bluetooth__host.a(hci_core.c.obj)
 .text.hci_cmd_status
                0x0000a03c       0x2c zephyr/subsys/bluetooth/host/libsubsys__bluetooth__host.a(hci_core.c.obj)
 .text.hci_cmd_complete
                0x0000a068       0x30 zephyr/subsys/bluetooth/host/libsubsys__bluetooth__host.a(hci_core.c.obj)
 .text.bt_hci_cmd_state_set_init
                0x0000a098       0x24 zephyr/subsys/bluetooth/host/libsubsys__bluetooth__host.a(hci_core.c.obj)
                0x0000a098                bt_hci_cmd_state_set_init
 .text.bt_hci_cmd_create
                0x0000a0bc       0x8c zephyr/subsys/bluetooth/host/libsubsys__bluetooth__host.a(hci_core.c.obj)
                0x0000a0bc                bt_hci_cmd_create
 .text.bt_hci_cmd_send_sync
                0x0000a148       0xc4 zephyr/subsys/bluetooth/host/libsubsys__bluetooth__host.a(hci_core.c.obj)
                0x0000a148                bt_hci_cmd_send_sync
 .text.hci_le_read_max_data_len
                0x0000a20c       0x40 zephyr/subsys/bluetooth/host/libsubsys__bluetooth__host.a(hci_core.c.obj)
 .text.hci_init
                0x0000a24c      0x458 zephyr/subsys/bluetooth/host/libsubsys__bluetooth__host.a(hci_core.c.obj)
 .text.bt_le_create_conn_legacy
                0x0000a6a4       0xe4 zephyr/subsys/bluetooth/host/libsubsys__bluetooth__host.a(hci_core.c.obj)
                0x0000a6a4                bt_le_create_conn_legacy
 .text.bt_le_create_conn_cancel
                0x0000a788       0x48 zephyr/subsys/bluetooth/host/libsubsys__bluetooth__host.a(hci_core.c.obj)
                0x0000a788                bt_le_create_conn_cancel
 .text.bt_send  0x0000a7d0       0x10 zephyr/subsys/bluetooth/host/libsubsys__bluetooth__host.a(hci_core.c.obj)
                0x0000a7d0                bt_send
 .text.bt_hci_cmd_send
                0x0000a7e0       0x50 zephyr/subsys/bluetooth/host/libsubsys__bluetooth__host.a(hci_core.c.obj)
                0x0000a7e0                bt_hci_cmd_send
 .text.conn_auto_initiate
                0x0000a830       0xec zephyr/subsys/bluetooth/host/libsubsys__bluetooth__host.a(hci_core.c.obj)
 .text.bt_hci_le_enh_conn_complete
                0x0000a91c      0x26c zephyr/subsys/bluetooth/host/libsubsys__bluetooth__host.a(hci_core.c.obj)
                0x0000a91c                bt_hci_le_enh_conn_complete
 .text.le_phy_update_complete
                0x0000ab88       0x68 zephyr/subsys/bluetooth/host/libsubsys__bluetooth__host.a(hci_core.c.obj)
 .text.le_remote_feat_complete
                0x0000abf0       0x5c zephyr/subsys/bluetooth/host/libsubsys__bluetooth__host.a(hci_core.c.obj)
 .text.le_conn_param_neg_reply
                0x0000ac4c       0x40 zephyr/subsys/bluetooth/host/libsubsys__bluetooth__host.a(hci_core.c.obj)
 .text.le_conn_param_req
                0x0000ac8c       0xbc zephyr/subsys/bluetooth/host/libsubsys__bluetooth__host.a(hci_core.c.obj)
 .text.hci_tx_thread
                0x0000ad48      0x158 zephyr/subsys/bluetooth/host/libsubsys__bluetooth__host.a(hci_core.c.obj)
 .text.hci_event_prio
                0x0000aea0       0x98 zephyr/subsys/bluetooth/host/libsubsys__bluetooth__host.a(hci_core.c.obj)
                0x0000aea0                hci_event_prio
 .text.bt_recv  0x0000af38      0x110 zephyr/subsys/bluetooth/host/libsubsys__bluetooth__host.a(hci_core.c.obj)
                0x0000af38                bt_recv
 .text.bt_recv_prio
                0x0000b048       0x34 zephyr/subsys/bluetooth/host/libsubsys__bluetooth__host.a(hci_core.c.obj)
                0x0000b048                bt_recv_prio
 .text.bt_hci_driver_register
                0x0000b07c       0x28 zephyr/subsys/bluetooth/host/libsubsys__bluetooth__host.a(hci_core.c.obj)
                0x0000b07c                bt_hci_driver_register
 .text.bt_finalize_init
                0x0000b0a4       0xc8 zephyr/subsys/bluetooth/host/libsubsys__bluetooth__host.a(hci_core.c.obj)
                0x0000b0a4                bt_finalize_init
 .text.init_work
                0x0000b16c       0x2c zephyr/subsys/bluetooth/host/libsubsys__bluetooth__host.a(hci_core.c.obj)
 .text.bt_enable
                0x0000b198       0xd8 zephyr/subsys/bluetooth/host/libsubsys__bluetooth__host.a(hci_core.c.obj)
                0x0000b198                bt_enable
 .text.bt_get_name
                0x0000b270        0x8 zephyr/subsys/bluetooth/host/libsubsys__bluetooth__host.a(hci_core.c.obj)
                0x0000b270                bt_get_name
 .text.bt_data_parse
                0x0000b278       0x58 zephyr/subsys/bluetooth/host/libsubsys__bluetooth__host.a(hci_core.c.obj)
                0x0000b278                bt_data_parse
 .text.id_find  0x0000b2d0       0x34 zephyr/subsys/bluetooth/host/libsubsys__bluetooth__host.a(id.c.obj)
 .text.set_random_address
                0x0000b304       0x5c zephyr/subsys/bluetooth/host/libsubsys__bluetooth__host.a(id.c.obj)
 .text.id_create.isra.0
                0x0000b360       0x6c zephyr/subsys/bluetooth/host/libsubsys__bluetooth__host.a(id.c.obj)
 .text.bt_id_create
                0x0000b3cc       0xa0 zephyr/subsys/bluetooth/host/libsubsys__bluetooth__host.a(id.c.obj)
                0x0000b3cc                bt_id_create
 .text.bt_id_read_public_addr
                0x0000b46c       0x7c zephyr/subsys/bluetooth/host/libsubsys__bluetooth__host.a(id.c.obj)
                0x0000b46c                bt_id_read_public_addr
 .text.bt_setup_public_id_addr
                0x0000b4e8       0x20 zephyr/subsys/bluetooth/host/libsubsys__bluetooth__host.a(id.c.obj)
                0x0000b4e8                bt_setup_public_id_addr
 .text.bt_read_static_addr
                0x0000b508       0x88 zephyr/subsys/bluetooth/host/libsubsys__bluetooth__host.a(id.c.obj)
                0x0000b508                bt_read_static_addr
 .text.bt_setup_random_id_addr
                0x0000b590       0x58 zephyr/subsys/bluetooth/host/libsubsys__bluetooth__host.a(id.c.obj)
                0x0000b590                bt_setup_random_id_addr
 .text.bt_id_set_create_conn_own_addr
                0x0000b5e8       0x24 zephyr/subsys/bluetooth/host/libsubsys__bluetooth__host.a(id.c.obj)
                0x0000b5e8                bt_id_set_create_conn_own_addr
 .text.bt_id_set_scan_own_addr
                0x0000b60c       0x40 zephyr/subsys/bluetooth/host/libsubsys__bluetooth__host.a(id.c.obj)
                0x0000b60c                bt_id_set_scan_own_addr
 .text.bt_id_init
                0x0000b64c       0x50 zephyr/subsys/bluetooth/host/libsubsys__bluetooth__host.a(id.c.obj)
                0x0000b64c                bt_id_init
 .text.le_adv_start_add_conn
                0x0000b69c       0x88 zephyr/subsys/bluetooth/host/libsubsys__bluetooth__host.a(adv.c.obj)
 .text.bt_le_adv_lookup_legacy
                0x0000b724        0x8 zephyr/subsys/bluetooth/host/libsubsys__bluetooth__host.a(adv.c.obj)
                0x0000b724                bt_le_adv_lookup_legacy
 .text.bt_le_adv_resume
                0x0000b72c       0x80 zephyr/subsys/bluetooth/host/libsubsys__bluetooth__host.a(adv.c.obj)
                0x0000b72c                bt_le_adv_resume
 .text.atomic_get.constprop.0
                0x0000b7ac       0x14 zephyr/subsys/bluetooth/host/libsubsys__bluetooth__host.a(scan.c.obj)
 .text.bt_le_scan_set_enable_legacy
                0x0000b7c0       0x64 zephyr/subsys/bluetooth/host/libsubsys__bluetooth__host.a(scan.c.obj)
 .text.start_le_scan_legacy
                0x0000b824       0xa8 zephyr/subsys/bluetooth/host/libsubsys__bluetooth__host.a(scan.c.obj)
 .text.bt_scan_reset
                0x0000b8cc        0xc zephyr/subsys/bluetooth/host/libsubsys__bluetooth__host.a(scan.c.obj)
                0x0000b8cc                bt_scan_reset
 .text.bt_le_scan_update
                0x0000b8d8       0x84 zephyr/subsys/bluetooth/host/libsubsys__bluetooth__host.a(scan.c.obj)
                0x0000b8d8                bt_le_scan_update
 .text.bt_hci_le_adv_report
                0x0000b95c      0x1e8 zephyr/subsys/bluetooth/host/libsubsys__bluetooth__host.a(scan.c.obj)
                0x0000b95c                bt_hci_le_adv_report
 .text.bt_le_scan_start
                0x0000bb44      0x12c zephyr/subsys/bluetooth/host/libsubsys__bluetooth__host.a(scan.c.obj)
                0x0000bb44                bt_le_scan_start
 .text.bt_le_scan_stop
                0x0000bc70       0x2c zephyr/subsys/bluetooth/host/libsubsys__bluetooth__host.a(scan.c.obj)
                0x0000bc70                bt_le_scan_stop
 .text.bt_le_scan_cb_register
                0x0000bc9c       0x20 zephyr/subsys/bluetooth/host/libsubsys__bluetooth__host.a(scan.c.obj)
                0x0000bc9c                bt_le_scan_cb_register
 .text.create_param_setup
                0x0000bcbc       0x34 zephyr/subsys/bluetooth/host/libsubsys__bluetooth__host.a(conn.c.obj)
 .text.tx_free  0x0000bcf0       0x14 zephyr/subsys/bluetooth/host/libsubsys__bluetooth__host.a(conn.c.obj)
 .text.notify_connected
                0x0000bd04       0x74 zephyr/subsys/bluetooth/host/libsubsys__bluetooth__host.a(conn.c.obj)
 .text.send_frag
                0x0000bd78      0x148 zephyr/subsys/bluetooth/host/libsubsys__bluetooth__host.a(conn.c.obj)
 .text.bt_conn_get_pkts
                0x0000bec0        0x8 zephyr/subsys/bluetooth/host/libsubsys__bluetooth__host.a(conn.c.obj)
                0x0000bec0                bt_conn_get_pkts
 .text.bt_conn_new
                0x0000bec8       0x68 zephyr/subsys/bluetooth/host/libsubsys__bluetooth__host.a(conn.c.obj)
                0x0000bec8                bt_conn_new
 .text.conn_cleanup
                0x0000bf30       0x78 zephyr/subsys/bluetooth/host/libsubsys__bluetooth__host.a(conn.c.obj)
 .text.bt_conn_recv
                0x0000bfa8       0xe0 zephyr/subsys/bluetooth/host/libsubsys__bluetooth__host.a(conn.c.obj)
                0x0000bfa8                bt_conn_recv
 .text.bt_conn_send_cb
                0x0000c088       0x98 zephyr/subsys/bluetooth/host/libsubsys__bluetooth__host.a(conn.c.obj)
                0x0000c088                bt_conn_send_cb
 .text.bt_conn_prepare_events
                0x0000c120       0x7c zephyr/subsys/bluetooth/host/libsubsys__bluetooth__host.a(conn.c.obj)
                0x0000c120                bt_conn_prepare_events
 .text.bt_conn_unref
                0x0000c19c       0x58 zephyr/subsys/bluetooth/host/libsubsys__bluetooth__host.a(conn.c.obj)
                0x0000c19c                bt_conn_unref
 .text.bt_conn_lookup_handle
                0x0000c1f4       0x18 zephyr/subsys/bluetooth/host/libsubsys__bluetooth__host.a(conn.c.obj)
                0x0000c1f4                bt_conn_lookup_handle
 .text.bt_conn_set_state
                0x0000c20c      0x1f0 zephyr/subsys/bluetooth/host/libsubsys__bluetooth__host.a(conn.c.obj)
                0x0000c20c                bt_conn_set_state
 .text.bt_conn_index
                0x0000c3fc       0x3c zephyr/subsys/bluetooth/host/libsubsys__bluetooth__host.a(conn.c.obj)
                0x0000c3fc                bt_conn_index
 .text.bt_conn_create_pdu_timeout
                0x0000c438       0x60 zephyr/subsys/bluetooth/host/libsubsys__bluetooth__host.a(conn.c.obj)
                0x0000c438                bt_conn_create_pdu_timeout
 .text.notify_le_param_updated
                0x0000c498       0xc0 zephyr/subsys/bluetooth/host/libsubsys__bluetooth__host.a(conn.c.obj)
                0x0000c498                notify_le_param_updated
 .text.le_param_req
                0x0000c558       0x9c zephyr/subsys/bluetooth/host/libsubsys__bluetooth__host.a(conn.c.obj)
                0x0000c558                le_param_req
 .text.bt_conn_cb_register
                0x0000c5f4       0x10 zephyr/subsys/bluetooth/host/libsubsys__bluetooth__host.a(conn.c.obj)
                0x0000c5f4                bt_conn_cb_register
 .text.bt_conn_add_le
                0x0000c604       0x34 zephyr/subsys/bluetooth/host/libsubsys__bluetooth__host.a(conn.c.obj)
                0x0000c604                bt_conn_add_le
 .text.bt_conn_lookup_addr_le
                0x0000c638       0x3c zephyr/subsys/bluetooth/host/libsubsys__bluetooth__host.a(conn.c.obj)
                0x0000c638                bt_conn_lookup_addr_le
 .text.bt_conn_exists_le
                0x0000c674       0x38 zephyr/subsys/bluetooth/host/libsubsys__bluetooth__host.a(conn.c.obj)
                0x0000c674                bt_conn_exists_le
 .text.bt_conn_lookup_state_le
                0x0000c6ac       0x44 zephyr/subsys/bluetooth/host/libsubsys__bluetooth__host.a(conn.c.obj)
                0x0000c6ac                bt_conn_lookup_state_le
 .text.bt_conn_le_create
                0x0000c6f0       0xf4 zephyr/subsys/bluetooth/host/libsubsys__bluetooth__host.a(conn.c.obj)
                0x0000c6f0                bt_conn_le_create
 .text.send_conn_le_param_update
                0x0000c7e4       0x68 zephyr/subsys/bluetooth/host/libsubsys__bluetooth__host.a(conn.c.obj)
 .text.deferred_work
                0x0000c84c       0xf4 zephyr/subsys/bluetooth/host/libsubsys__bluetooth__host.a(conn.c.obj)
 .text.bt_conn_create_frag_timeout
                0x0000c940        0xc zephyr/subsys/bluetooth/host/libsubsys__bluetooth__host.a(conn.c.obj)
                0x0000c940                bt_conn_create_frag_timeout
 .text.create_frag.isra.0
                0x0000c94c       0x6c zephyr/subsys/bluetooth/host/libsubsys__bluetooth__host.a(conn.c.obj)
 .text.bt_conn_process_tx
                0x0000c9b8       0xcc zephyr/subsys/bluetooth/host/libsubsys__bluetooth__host.a(conn.c.obj)
                0x0000c9b8                bt_conn_process_tx
 .text.bt_conn_init
                0x0000ca84       0x50 zephyr/subsys/bluetooth/host/libsubsys__bluetooth__host.a(conn.c.obj)
                0x0000ca84                bt_conn_init
 .text.l2cap_accept
                0x0000cad4       0x2c zephyr/subsys/bluetooth/host/libsubsys__bluetooth__host.a(l2cap.c.obj)
 .text.l2cap_create_le_sig_pdu.isra.0
                0x0000cb00       0x3c zephyr/subsys/bluetooth/host/libsubsys__bluetooth__host.a(l2cap.c.obj)
 .text.l2cap_rtx_timeout
                0x0000cb3c       0x28 zephyr/subsys/bluetooth/host/libsubsys__bluetooth__host.a(l2cap.c.obj)
 .text.bt_l2cap_connected
                0x0000cb64       0xdc zephyr/subsys/bluetooth/host/libsubsys__bluetooth__host.a(l2cap.c.obj)
                0x0000cb64                bt_l2cap_connected
 .text.l2cap_recv
                0x0000cc40      0x11c zephyr/subsys/bluetooth/host/libsubsys__bluetooth__host.a(l2cap.c.obj)
 .text.bt_l2cap_recv
                0x0000cd5c       0x50 zephyr/subsys/bluetooth/host/libsubsys__bluetooth__host.a(l2cap.c.obj)
                0x0000cd5c                bt_l2cap_recv
 .text.bt_l2cap_update_conn_param
                0x0000cdac       0x64 zephyr/subsys/bluetooth/host/libsubsys__bluetooth__host.a(l2cap.c.obj)
                0x0000cdac                bt_l2cap_update_conn_param
 .text.att_cfm_sent
                0x0000ce10       0x10 zephyr/subsys/bluetooth/host/libsubsys__bluetooth__host.a(att.c.obj)
 .text.att_rsp_sent
                0x0000ce20       0x10 zephyr/subsys/bluetooth/host/libsubsys__bluetooth__host.a(att.c.obj)
 .text.att_req_sent
                0x0000ce30       0x10 zephyr/subsys/bluetooth/host/libsubsys__bluetooth__host.a(att.c.obj)
 .text.bt_att_released
                0x0000ce40       0x18 zephyr/subsys/bluetooth/host/libsubsys__bluetooth__host.a(att.c.obj)
 .text.chan_send
                0x0000ce58       0xc8 zephyr/subsys/bluetooth/host/libsubsys__bluetooth__host.a(att.c.obj)
 .text.bt_att_chan_req_send
                0x0000cf20       0x80 zephyr/subsys/bluetooth/host/libsubsys__bluetooth__host.a(att.c.obj)
 .text.read_group_cb
                0x0000cfa0       0xac zephyr/subsys/bluetooth/host/libsubsys__bluetooth__host.a(att.c.obj)
 .text.read_type_cb
                0x0000d04c       0xa8 zephyr/subsys/bluetooth/host/libsubsys__bluetooth__host.a(att.c.obj)
 .text.find_type_cb
                0x0000d0f4      0x144 zephyr/subsys/bluetooth/host/libsubsys__bluetooth__host.a(att.c.obj)
 .text.att_get  0x0000d238       0x54 zephyr/subsys/bluetooth/host/libsubsys__bluetooth__host.a(att.c.obj)
 .text.bt_att_accept
                0x0000d28c       0xac zephyr/subsys/bluetooth/host/libsubsys__bluetooth__host.a(att.c.obj)
 .text.bt_att_connected
                0x0000d338       0x88 zephyr/subsys/bluetooth/host/libsubsys__bluetooth__host.a(att.c.obj)
 .text.att_write_cmd
                0x0000d3c0       0x80 zephyr/subsys/bluetooth/host/libsubsys__bluetooth__host.a(att.c.obj)
 .text.bt_att_chan_create_pdu
                0x0000d440       0x68 zephyr/subsys/bluetooth/host/libsubsys__bluetooth__host.a(att.c.obj)
                0x0000d440                bt_att_chan_create_pdu
 .text.att_indicate
                0x0000d4a8       0x3c zephyr/subsys/bluetooth/host/libsubsys__bluetooth__host.a(att.c.obj)
 .text.send_err_rsp.part.0
                0x0000d4e4       0x40 zephyr/subsys/bluetooth/host/libsubsys__bluetooth__host.a(att.c.obj)
 .text.bt_att_recv
                0x0000d524      0x124 zephyr/subsys/bluetooth/host/libsubsys__bluetooth__host.a(att.c.obj)
 .text.att_write_req
                0x0000d648       0xbc zephyr/subsys/bluetooth/host/libsubsys__bluetooth__host.a(att.c.obj)
 .text.bt_att_create_pdu
                0x0000d704       0x5c zephyr/subsys/bluetooth/host/libsubsys__bluetooth__host.a(att.c.obj)
                0x0000d704                bt_att_create_pdu
 .text.att_read_group_req
                0x0000d760      0x108 zephyr/subsys/bluetooth/host/libsubsys__bluetooth__host.a(att.c.obj)
 .text.att_read_mult_req
                0x0000d868       0x9c zephyr/subsys/bluetooth/host/libsubsys__bluetooth__host.a(att.c.obj)
 .text.att_read_rsp
                0x0000d904       0x94 zephyr/subsys/bluetooth/host/libsubsys__bluetooth__host.a(att.c.obj)
 .text.att_read_type_req
                0x0000d998       0xc8 zephyr/subsys/bluetooth/host/libsubsys__bluetooth__host.a(att.c.obj)
 .text.att_find_type_req
                0x0000da60       0xdc zephyr/subsys/bluetooth/host/libsubsys__bluetooth__host.a(att.c.obj)
 .text.att_find_info_req
                0x0000db3c       0x78 zephyr/subsys/bluetooth/host/libsubsys__bluetooth__host.a(att.c.obj)
 .text.att_mtu_req
                0x0000dbb4       0x74 zephyr/subsys/bluetooth/host/libsubsys__bluetooth__host.a(att.c.obj)
 .text.bt_att_req_alloc
                0x0000dc28       0x2c zephyr/subsys/bluetooth/host/libsubsys__bluetooth__host.a(att.c.obj)
                0x0000dc28                bt_att_req_alloc
 .text.bt_att_req_free
                0x0000dc54       0x24 zephyr/subsys/bluetooth/host/libsubsys__bluetooth__host.a(att.c.obj)
                0x0000dc54                bt_att_req_free
 .text.att_handle_rsp
                0x0000dc78       0x70 zephyr/subsys/bluetooth/host/libsubsys__bluetooth__host.a(att.c.obj)
 .text.att_error_rsp
                0x0000dce8       0x20 zephyr/subsys/bluetooth/host/libsubsys__bluetooth__host.a(att.c.obj)
 .text.bt_att_disconnected
                0x0000dd08       0xac zephyr/subsys/bluetooth/host/libsubsys__bluetooth__host.a(att.c.obj)
 .text.att_timeout
                0x0000ddb4       0x1c zephyr/subsys/bluetooth/host/libsubsys__bluetooth__host.a(att.c.obj)
 .text.bt_att_send
                0x0000ddd0       0xd0 zephyr/subsys/bluetooth/host/libsubsys__bluetooth__host.a(att.c.obj)
                0x0000ddd0                bt_att_send
 .text.bt_att_req_send
                0x0000dea0       0x68 zephyr/subsys/bluetooth/host/libsubsys__bluetooth__host.a(att.c.obj)
                0x0000dea0                bt_att_req_send
 .text.bt_att_req_cancel
                0x0000df08       0x60 zephyr/subsys/bluetooth/host/libsubsys__bluetooth__host.a(att.c.obj)
                0x0000df08                bt_att_req_cancel
 .text.find_cf_cfg
                0x0000df68       0x3c zephyr/subsys/bluetooth/host/libsubsys__bluetooth__host.a(gatt.c.obj)
 .text.find_sc_cfg
                0x0000dfa4       0x20 zephyr/subsys/bluetooth/host/libsubsys__bluetooth__host.a(gatt.c.obj)
 .text.gatt_sub_find
                0x0000dfc4       0x3c zephyr/subsys/bluetooth/host/libsubsys__bluetooth__host.a(gatt.c.obj)
 .text.bt_gatt_attr_write_ccc
                0x0000e000       0xb0 zephyr/subsys/bluetooth/host/libsubsys__bluetooth__host.a(gatt.c.obj)
                0x0000e000                bt_gatt_attr_write_ccc
 .text.gatt_sub_free
                0x0000e0b0       0x3c zephyr/subsys/bluetooth/host/libsubsys__bluetooth__host.a(gatt.c.obj)
 .text.sc_save  0x0000e0ec       0x5c zephyr/subsys/bluetooth/host/libsubsys__bluetooth__host.a(gatt.c.obj)
 .text.bt_gatt_service_init.part.0
                0x0000e148       0x4c zephyr/subsys/bluetooth/host/libsubsys__bluetooth__host.a(gatt.c.obj)
 .text.db_changed
                0x0000e194       0x5c zephyr/subsys/bluetooth/host/libsubsys__bluetooth__host.a(gatt.c.obj)
 .text.cf_write
                0x0000e1f0       0x98 zephyr/subsys/bluetooth/host/libsubsys__bluetooth__host.a(gatt.c.obj)
 .text.sc_indicate_rsp
                0x0000e288       0x48 zephyr/subsys/bluetooth/host/libsubsys__bluetooth__host.a(gatt.c.obj)
 .text.read_ppcp
                0x0000e2d0       0x38 zephyr/subsys/bluetooth/host/libsubsys__bluetooth__host.a(gatt.c.obj)
 .text.disconnected_cb
                0x0000e308       0x8c zephyr/subsys/bluetooth/host/libsubsys__bluetooth__host.a(gatt.c.obj)
 .text.sc_indicate
                0x0000e394       0x70 zephyr/subsys/bluetooth/host/libsubsys__bluetooth__host.a(gatt.c.obj)
 .text.gatt_write_ccc
                0x0000e404       0x24 zephyr/subsys/bluetooth/host/libsubsys__bluetooth__host.a(gatt.c.obj)
 .text.bt_gatt_init
                0x0000e428       0x88 zephyr/subsys/bluetooth/host/libsubsys__bluetooth__host.a(gatt.c.obj)
                0x0000e428                bt_gatt_init
 .text.bt_gatt_attr_get_handle
                0x0000e4b0       0x88 zephyr/subsys/bluetooth/host/libsubsys__bluetooth__host.a(gatt.c.obj)
                0x0000e4b0                bt_gatt_attr_get_handle
 .text.bt_gatt_foreach_attr_type
                0x0000e538      0x180 zephyr/subsys/bluetooth/host/libsubsys__bluetooth__host.a(gatt.c.obj)
                0x0000e538                bt_gatt_foreach_attr_type
 .text.db_hash_gen.isra.0
                0x0000e6b8       0x8c zephyr/subsys/bluetooth/host/libsubsys__bluetooth__host.a(gatt.c.obj)
 .text.bt_gatt_service_register
                0x0000e744      0x210 zephyr/subsys/bluetooth/host/libsubsys__bluetooth__host.a(gatt.c.obj)
                0x0000e744                bt_gatt_service_register
 .text.gatt_indicate
                0x0000e954       0xac zephyr/subsys/bluetooth/host/libsubsys__bluetooth__host.a(gatt.c.obj)
 .text.bt_gatt_indicate
                0x0000ea00      0x12c zephyr/subsys/bluetooth/host/libsubsys__bluetooth__host.a(gatt.c.obj)
                0x0000ea00                bt_gatt_indicate
 .text.sc_process
                0x0000eb2c       0x80 zephyr/subsys/bluetooth/host/libsubsys__bluetooth__host.a(gatt.c.obj)
 .text.gatt_notify
                0x0000ebac       0x80 zephyr/subsys/bluetooth/host/libsubsys__bluetooth__host.a(gatt.c.obj)
 .text.bt_gatt_notify_cb
                0x0000ec2c      0x124 zephyr/subsys/bluetooth/host/libsubsys__bluetooth__host.a(gatt.c.obj)
                0x0000ec2c                bt_gatt_notify_cb
 .text.notify_cb
                0x0000ed50       0xe4 zephyr/subsys/bluetooth/host/libsubsys__bluetooth__host.a(gatt.c.obj)
 .text.update_ccc
                0x0000ee34       0xc8 zephyr/subsys/bluetooth/host/libsubsys__bluetooth__host.a(gatt.c.obj)
 .text.bt_gatt_unsubscribe
                0x0000eefc      0x118 zephyr/subsys/bluetooth/host/libsubsys__bluetooth__host.a(gatt.c.obj)
                0x0000eefc                bt_gatt_unsubscribe
 .text.bt_gatt_mult_notification
                0x0000f014       0xa4 zephyr/subsys/bluetooth/host/libsubsys__bluetooth__host.a(gatt.c.obj)
                0x0000f014                bt_gatt_mult_notification
 .text.bt_gatt_connected
                0x0000f0b8       0x64 zephyr/subsys/bluetooth/host/libsubsys__bluetooth__host.a(gatt.c.obj)
                0x0000f0b8                bt_gatt_connected
 .text.bt_gatt_att_max_mtu_changed
                0x0000f11c       0x2c zephyr/subsys/bluetooth/host/libsubsys__bluetooth__host.a(gatt.c.obj)
                0x0000f11c                bt_gatt_att_max_mtu_changed
 .text.db_hash_read
                0x0000f148       0x5c zephyr/subsys/bluetooth/host/libsubsys__bluetooth__host.a(gatt.c.obj)
 .text.bt_gatt_disconnected
                0x0000f1a4       0xc8 zephyr/subsys/bluetooth/host/libsubsys__bluetooth__host.a(gatt.c.obj)
                0x0000f1a4                bt_gatt_disconnected
 .text.bt_smp_accept
                0x0000f26c       0x2c zephyr/subsys/bluetooth/host/libsubsys__bluetooth__host.a(smp_null.c.obj)
 .text.mem_init
                0x0000f298       0x5c zephyr/subsys/bluetooth/controller/libsubsys__bluetooth__controller.a(mem.c.obj)
                0x0000f298                mem_init
 .text.mem_acquire
                0x0000f2f4       0x34 zephyr/subsys/bluetooth/controller/libsubsys__bluetooth__controller.a(mem.c.obj)
                0x0000f2f4                mem_acquire
 .text.mem_release
                0x0000f328       0x30 zephyr/subsys/bluetooth/controller/libsubsys__bluetooth__controller.a(mem.c.obj)
                0x0000f328                mem_release
 .text.mem_get  0x0000f358        0x8 zephyr/subsys/bluetooth/controller/libsubsys__bluetooth__controller.a(mem.c.obj)
                0x0000f358                mem_get
 .text.mem_index_get
                0x0000f360        0xc zephyr/subsys/bluetooth/controller/libsubsys__bluetooth__controller.a(mem.c.obj)
                0x0000f360                mem_index_get
 .text.mem_rcopy
                0x0000f36c       0x1c zephyr/subsys/bluetooth/controller/libsubsys__bluetooth__controller.a(mem.c.obj)
                0x0000f36c                mem_rcopy
 .text.mem_nz   0x0000f388       0x18 zephyr/subsys/bluetooth/controller/libsubsys__bluetooth__controller.a(mem.c.obj)
                0x0000f388                mem_nz
 .text.memq_init
                0x0000f3a0        0x8 zephyr/subsys/bluetooth/controller/libsubsys__bluetooth__controller.a(memq.c.obj)
                0x0000f3a0                memq_init
 .text.memq_deinit
                0x0000f3a8       0x14 zephyr/subsys/bluetooth/controller/libsubsys__bluetooth__controller.a(memq.c.obj)
                0x0000f3a8                memq_deinit
 .text.memq_enqueue
                0x0000f3bc       0x10 zephyr/subsys/bluetooth/controller/libsubsys__bluetooth__controller.a(memq.c.obj)
                0x0000f3bc                memq_enqueue
 .text.memq_peek
                0x0000f3cc       0x10 zephyr/subsys/bluetooth/controller/libsubsys__bluetooth__controller.a(memq.c.obj)
                0x0000f3cc                memq_peek
 .text.memq_dequeue
                0x0000f3dc       0x20 zephyr/subsys/bluetooth/controller/libsubsys__bluetooth__controller.a(memq.c.obj)
                0x0000f3dc                memq_dequeue
 .text.mayfly_init
                0x0000f3fc       0x40 zephyr/subsys/bluetooth/controller/libsubsys__bluetooth__controller.a(mayfly.c.obj)
                0x0000f3fc                mayfly_init
 .text.mayfly_enable
                0x0000f43c       0x68 zephyr/subsys/bluetooth/controller/libsubsys__bluetooth__controller.a(mayfly.c.obj)
                0x0000f43c                mayfly_enable
 .text.mayfly_enqueue
                0x0000f4a4       0xa8 zephyr/subsys/bluetooth/controller/libsubsys__bluetooth__controller.a(mayfly.c.obj)
                0x0000f4a4                mayfly_enqueue
 .text.mayfly_run
                0x0000f54c      0x13c zephyr/subsys/bluetooth/controller/libsubsys__bluetooth__controller.a(mayfly.c.obj)
                0x0000f54c                mayfly_run
 .text.util_ones_count_get
                0x0000f688       0x30 zephyr/subsys/bluetooth/controller/libsubsys__bluetooth__controller.a(util.c.obj)
                0x0000f688                util_ones_count_get
 .text.util_aa_le32
                0x0000f6b8      0x14c zephyr/subsys/bluetooth/controller/libsubsys__bluetooth__controller.a(util.c.obj)
                0x0000f6b8                util_aa_le32
 .text.ticker_dequeue.isra.0
                0x0000f804       0x70 zephyr/subsys/bluetooth/controller/libsubsys__bluetooth__controller.a(ticker.c.obj)
 .text.ticker_worker
                0x0000f874      0x2f0 zephyr/subsys/bluetooth/controller/libsubsys__bluetooth__controller.a(ticker.c.obj)
                0x0000f874                ticker_worker
 .text.ticker_job
                0x0000fb64      0xe60 zephyr/subsys/bluetooth/controller/libsubsys__bluetooth__controller.a(ticker.c.obj)
                0x0000fb64                ticker_job
 .text.ticker_init
                0x000109c4       0x98 zephyr/subsys/bluetooth/controller/libsubsys__bluetooth__controller.a(ticker.c.obj)
                0x000109c4                ticker_init
 .text.ticker_is_initialized
                0x00010a5c       0x18 zephyr/subsys/bluetooth/controller/libsubsys__bluetooth__controller.a(ticker.c.obj)
                0x00010a5c                ticker_is_initialized
 .text.ticker_trigger
                0x00010a74       0x30 zephyr/subsys/bluetooth/controller/libsubsys__bluetooth__controller.a(ticker.c.obj)
                0x00010a74                ticker_trigger
 .text.ticker_start_ext
                0x00010aa4       0xac zephyr/subsys/bluetooth/controller/libsubsys__bluetooth__controller.a(ticker.c.obj)
                0x00010aa4                ticker_start_ext
 .text.ticker_start
                0x00010b50       0x38 zephyr/subsys/bluetooth/controller/libsubsys__bluetooth__controller.a(ticker.c.obj)
                0x00010b50                ticker_start
 .text.ticker_update_ext
                0x00010b88       0xa8 zephyr/subsys/bluetooth/controller/libsubsys__bluetooth__controller.a(ticker.c.obj)
                0x00010b88                ticker_update_ext
 .text.ticker_update
                0x00010c30       0x30 zephyr/subsys/bluetooth/controller/libsubsys__bluetooth__controller.a(ticker.c.obj)
                0x00010c30                ticker_update
 .text.ticker_stop
                0x00010c60       0x8c zephyr/subsys/bluetooth/controller/libsubsys__bluetooth__controller.a(ticker.c.obj)
                0x00010c60                ticker_stop
 .text.ticker_next_slot_get
                0x00010cec       0x8c zephyr/subsys/bluetooth/controller/libsubsys__bluetooth__controller.a(ticker.c.obj)
                0x00010cec                ticker_next_slot_get
 .text.ticker_job_sched
                0x00010d78       0x30 zephyr/subsys/bluetooth/controller/libsubsys__bluetooth__controller.a(ticker.c.obj)
                0x00010d78                ticker_job_sched
 .text.ticker_ticks_now_get
                0x00010da8        0x4 zephyr/subsys/bluetooth/controller/libsubsys__bluetooth__controller.a(ticker.c.obj)
                0x00010da8                ticker_ticks_now_get
 .text.ticker_ticks_diff_get
                0x00010dac        0x8 zephyr/subsys/bluetooth/controller/libsubsys__bluetooth__controller.a(ticker.c.obj)
                0x00010dac                ticker_ticks_diff_get
 .text.ll_addr_set
                0x00010db4       0x40 zephyr/subsys/bluetooth/controller/libsubsys__bluetooth__controller.a(ll_addr.c.obj)
                0x00010db4                ll_addr_set
 .text.ll_addr_get
                0x00010df4       0x20 zephyr/subsys/bluetooth/controller/libsubsys__bluetooth__controller.a(ll_addr.c.obj)
                0x00010df4                ll_addr_get
 .text.ll_addr_read
                0x00010e14       0x30 zephyr/subsys/bluetooth/controller/libsubsys__bluetooth__controller.a(ll_addr.c.obj)
                0x00010e14                ll_addr_read
 .text.ll_tx_pwr_lvl_get
                0x00010e44       0x20 zephyr/subsys/bluetooth/controller/libsubsys__bluetooth__controller.a(ll_tx_pwr.c.obj)
                0x00010e44                ll_tx_pwr_lvl_get
 .text.ll_tx_pwr_get
                0x00010e64        0x8 zephyr/subsys/bluetooth/controller/libsubsys__bluetooth__controller.a(ll_tx_pwr.c.obj)
                0x00010e64                ll_tx_pwr_get
 .text.hci_driver_init
                0x00010e6c       0x10 zephyr/subsys/bluetooth/controller/libsubsys__bluetooth__controller.a(hci_driver.c.obj)
 .text.recv_thread
                0x00010e7c      0x114 zephyr/subsys/bluetooth/controller/libsubsys__bluetooth__controller.a(hci_driver.c.obj)
 .text.prio_recv_thread
                0x00010f90       0xc8 zephyr/subsys/bluetooth/controller/libsubsys__bluetooth__controller.a(hci_driver.c.obj)
 .text.hci_driver_send
                0x00011058       0x8c zephyr/subsys/bluetooth/controller/libsubsys__bluetooth__controller.a(hci_driver.c.obj)
 .text.hci_driver_open
                0x000110e4       0xa8 zephyr/subsys/bluetooth/controller/libsubsys__bluetooth__controller.a(hci_driver.c.obj)
 .text.cmd_complete_status
                0x0001118c       0x24 zephyr/subsys/bluetooth/controller/libsubsys__bluetooth__controller.a(hci.c.obj)
 .text.meta_evt
                0x000111b0       0x30 zephyr/subsys/bluetooth/controller/libsubsys__bluetooth__controller.a(hci.c.obj)
 .text.encrypt_change.part.0
                0x000111e0       0x34 zephyr/subsys/bluetooth/controller/libsubsys__bluetooth__controller.a(hci.c.obj)
 .text.le_remote_feat_complete
                0x00011214       0x6c zephyr/subsys/bluetooth/controller/libsubsys__bluetooth__controller.a(hci.c.obj)
 .text.dup_found.isra.0
                0x00011280       0xc8 zephyr/subsys/bluetooth/controller/libsubsys__bluetooth__controller.a(hci.c.obj)
 .text.hci_disconn_complete_encode.part.0
                0x00011348       0x30 zephyr/subsys/bluetooth/controller/libsubsys__bluetooth__controller.a(hci.c.obj)
 .text.hci_cmd_complete
                0x00011378       0x20 zephyr/subsys/bluetooth/controller/libsubsys__bluetooth__controller.a(hci.c.obj)
                0x00011378                hci_cmd_complete
 .text.hci_vendor_cmd_handle_common
                0x00011398      0x118 zephyr/subsys/bluetooth/controller/libsubsys__bluetooth__controller.a(hci.c.obj)
                0x00011398                hci_vendor_cmd_handle_common
 .text.hci_cmd_handle
                0x000114b0      0x89c zephyr/subsys/bluetooth/controller/libsubsys__bluetooth__controller.a(hci.c.obj)
                0x000114b0                hci_cmd_handle
 .text.hci_acl_handle
                0x00011d4c      0x120 zephyr/subsys/bluetooth/controller/libsubsys__bluetooth__controller.a(hci.c.obj)
                0x00011d4c                hci_acl_handle
 .text.hci_disconn_complete_encode
                0x00011e6c       0x20 zephyr/subsys/bluetooth/controller/libsubsys__bluetooth__controller.a(hci.c.obj)
                0x00011e6c                hci_disconn_complete_encode
 .text.hci_disconn_complete_process
                0x00011e8c       0x10 zephyr/subsys/bluetooth/controller/libsubsys__bluetooth__controller.a(hci.c.obj)
                0x00011e8c                hci_disconn_complete_process
 .text.hci_acl_encode
                0x00011e9c       0x6c zephyr/subsys/bluetooth/controller/libsubsys__bluetooth__controller.a(hci.c.obj)
                0x00011e9c                hci_acl_encode
 .text.hci_evt_encode
                0x00011f08      0x714 zephyr/subsys/bluetooth/controller/libsubsys__bluetooth__controller.a(hci.c.obj)
                0x00011f08                hci_evt_encode
 .text.hci_num_cmplt_encode
                0x0001261c       0x30 zephyr/subsys/bluetooth/controller/libsubsys__bluetooth__controller.a(hci.c.obj)
                0x0001261c                hci_num_cmplt_encode
 .text.hci_get_class
                0x0001264c       0x2c zephyr/subsys/bluetooth/controller/libsubsys__bluetooth__controller.a(hci.c.obj)
                0x0001264c                hci_get_class
 .text.hci_init
                0x00012678       0x4c zephyr/subsys/bluetooth/controller/libsubsys__bluetooth__controller.a(hci.c.obj)
                0x00012678                hci_init
 .text.bt_rand  0x000126c4        0x4 zephyr/subsys/bluetooth/controller/libsubsys__bluetooth__controller.a(crypto.c.obj)
                0x000126c4                bt_rand
 .text.bt_encrypt_le
                0x000126c8        0xc zephyr/subsys/bluetooth/controller/libsubsys__bluetooth__controller.a(crypto.c.obj)
                0x000126c8                bt_encrypt_le
 .text.ll_feat_get
                0x000126d4        0xc zephyr/subsys/bluetooth/controller/libsubsys__bluetooth__controller.a(ll_feat.c.obj)
                0x000126d4                ll_feat_get
 .text.perform_lll_reset
                0x000126e0       0xb4 zephyr/subsys/bluetooth/controller/libsubsys__bluetooth__controller.a(ull.c.obj)
 .text.ull_ticker_status_give
                0x00012794        0xc zephyr/subsys/bluetooth/controller/libsubsys__bluetooth__controller.a(ull.c.obj)
                0x00012794                ull_ticker_status_give
 .text.disabled_cb
                0x000127a0        0x4 zephyr/subsys/bluetooth/controller/libsubsys__bluetooth__controller.a(ull.c.obj)
 .text.tx_cmplt_get
                0x000127a4       0xcc zephyr/subsys/bluetooth/controller/libsubsys__bluetooth__controller.a(ull.c.obj)
 .text.ull_done
                0x00012870      0x10c zephyr/subsys/bluetooth/controller/libsubsys__bluetooth__controller.a(ull.c.obj)
 .text.rx_demux
                0x0001297c      0x1d4 zephyr/subsys/bluetooth/controller/libsubsys__bluetooth__controller.a(ull.c.obj)
 .text.ll_rx_get
                0x00012b50      0x1c4 zephyr/subsys/bluetooth/controller/libsubsys__bluetooth__controller.a(ull.c.obj)
                0x00012b50                ll_rx_get
 .text.ll_rx_dequeue
                0x00012d14      0x184 zephyr/subsys/bluetooth/controller/libsubsys__bluetooth__controller.a(ull.c.obj)
                0x00012d14                ll_rx_dequeue
 .text.ll_rx_mem_release
                0x00012e98      0x260 zephyr/subsys/bluetooth/controller/libsubsys__bluetooth__controller.a(ull.c.obj)
                0x00012e98                ll_rx_mem_release
 .text.ll_rx_link_alloc
                0x000130f8        0xc zephyr/subsys/bluetooth/controller/libsubsys__bluetooth__controller.a(ull.c.obj)
                0x000130f8                ll_rx_link_alloc
 .text.ll_rx_link_release
                0x00013104        0xc zephyr/subsys/bluetooth/controller/libsubsys__bluetooth__controller.a(ull.c.obj)
                0x00013104                ll_rx_link_release
 .text.ll_rx_alloc
                0x00013110        0xc zephyr/subsys/bluetooth/controller/libsubsys__bluetooth__controller.a(ull.c.obj)
                0x00013110                ll_rx_alloc
 .text.ll_rx_release
                0x0001311c        0xc zephyr/subsys/bluetooth/controller/libsubsys__bluetooth__controller.a(ull.c.obj)
                0x0001311c                ll_rx_release
 .text.ll_rx_put
                0x00013128       0x14 zephyr/subsys/bluetooth/controller/libsubsys__bluetooth__controller.a(ull.c.obj)
                0x00013128                ll_rx_put
 .text.ll_rx_sched
                0x0001313c        0xc zephyr/subsys/bluetooth/controller/libsubsys__bluetooth__controller.a(ull.c.obj)
                0x0001313c                ll_rx_sched
 .text.ll_pdu_rx_alloc_peek
                0x00013148       0x3c zephyr/subsys/bluetooth/controller/libsubsys__bluetooth__controller.a(ull.c.obj)
                0x00013148                ll_pdu_rx_alloc_peek
 .text.ll_pdu_rx_alloc
                0x00013184       0x30 zephyr/subsys/bluetooth/controller/libsubsys__bluetooth__controller.a(ull.c.obj)
                0x00013184                ll_pdu_rx_alloc
 .text.ll_tx_ack_put
                0x000131b4       0x58 zephyr/subsys/bluetooth/controller/libsubsys__bluetooth__controller.a(ull.c.obj)
                0x000131b4                ll_tx_ack_put
 .text.ll_timeslice_ticker_id_get
                0x0001320c        0xc zephyr/subsys/bluetooth/controller/libsubsys__bluetooth__controller.a(ull.c.obj)
                0x0001320c                ll_timeslice_ticker_id_get
 .text.ll_radio_state_abort
                0x00013218       0x38 zephyr/subsys/bluetooth/controller/libsubsys__bluetooth__controller.a(ull.c.obj)
                0x00013218                ll_radio_state_abort
 .text.ll_radio_state_is_idle
                0x00013250        0x4 zephyr/subsys/bluetooth/controller/libsubsys__bluetooth__controller.a(ull.c.obj)
                0x00013250                ll_radio_state_is_idle
 .text.ull_ticker_status_take
                0x00013254       0x48 zephyr/subsys/bluetooth/controller/libsubsys__bluetooth__controller.a(ull.c.obj)
                0x00013254                ull_ticker_status_take
 .text.ull_disable_mark
                0x0001329c       0x18 zephyr/subsys/bluetooth/controller/libsubsys__bluetooth__controller.a(ull.c.obj)
                0x0001329c                ull_disable_mark
 .text.ull_disable_unmark
                0x000132b4       0x18 zephyr/subsys/bluetooth/controller/libsubsys__bluetooth__controller.a(ull.c.obj)
                0x000132b4                ull_disable_unmark
 .text.ull_disable_mark_get
                0x000132cc        0xc zephyr/subsys/bluetooth/controller/libsubsys__bluetooth__controller.a(ull.c.obj)
                0x000132cc                ull_disable_mark_get
 .text.ull_update_mark
                0x000132d8       0x18 zephyr/subsys/bluetooth/controller/libsubsys__bluetooth__controller.a(ull.c.obj)
                0x000132d8                ull_update_mark
 .text.ull_update_unmark
                0x000132f0       0x18 zephyr/subsys/bluetooth/controller/libsubsys__bluetooth__controller.a(ull.c.obj)
                0x000132f0                ull_update_unmark
 .text.ull_update_mark_get
                0x00013308        0xc zephyr/subsys/bluetooth/controller/libsubsys__bluetooth__controller.a(ull.c.obj)
                0x00013308                ull_update_mark_get
 .text.ull_disable
                0x00013314       0x74 zephyr/subsys/bluetooth/controller/libsubsys__bluetooth__controller.a(ull.c.obj)
                0x00013314                ull_disable
 .text.ull_ticker_stop_with_mark
                0x00013388       0x8c zephyr/subsys/bluetooth/controller/libsubsys__bluetooth__controller.a(ull.c.obj)
                0x00013388                ull_ticker_stop_with_mark
 .text.ull_pdu_rx_alloc_peek
                0x00013414       0x3c zephyr/subsys/bluetooth/controller/libsubsys__bluetooth__controller.a(ull.c.obj)
                0x00013414                ull_pdu_rx_alloc_peek
 .text.ull_pdu_rx_alloc
                0x00013450       0x30 zephyr/subsys/bluetooth/controller/libsubsys__bluetooth__controller.a(ull.c.obj)
                0x00013450                ull_pdu_rx_alloc
 .text.ull_rx_put
                0x00013480       0x20 zephyr/subsys/bluetooth/controller/libsubsys__bluetooth__controller.a(ull.c.obj)
                0x00013480                ull_rx_put
 .text.ull_rx_sched
                0x000134a0       0x10 zephyr/subsys/bluetooth/controller/libsubsys__bluetooth__controller.a(ull.c.obj)
                0x000134a0                ull_rx_sched
 .text.ull_prepare_enqueue
                0x000134b0       0x68 zephyr/subsys/bluetooth/controller/libsubsys__bluetooth__controller.a(ull.c.obj)
                0x000134b0                ull_prepare_enqueue
 .text.ull_prepare_dequeue_get
                0x00013518       0x1c zephyr/subsys/bluetooth/controller/libsubsys__bluetooth__controller.a(ull.c.obj)
                0x00013518                ull_prepare_dequeue_get
 .text.ull_prepare_dequeue_iter
                0x00013534       0x3c zephyr/subsys/bluetooth/controller/libsubsys__bluetooth__controller.a(ull.c.obj)
                0x00013534                ull_prepare_dequeue_iter
 .text.ull_prepare_dequeue
                0x00013570       0xb4 zephyr/subsys/bluetooth/controller/libsubsys__bluetooth__controller.a(ull.c.obj)
                0x00013570                ull_prepare_dequeue
 .text.ull_event_done_extra_get
                0x00013624       0x20 zephyr/subsys/bluetooth/controller/libsubsys__bluetooth__controller.a(ull.c.obj)
                0x00013624                ull_event_done_extra_get
 .text.ull_event_done
                0x00013644       0x5c zephyr/subsys/bluetooth/controller/libsubsys__bluetooth__controller.a(ull.c.obj)
                0x00013644                ull_event_done
 .text.ull_rxfifo_alloc
                0x000136a0       0x7c zephyr/subsys/bluetooth/controller/libsubsys__bluetooth__controller.a(ull.c.obj)
                0x000136a0                ull_rxfifo_alloc
 .text.ll_init  0x0001371c      0x2d4 zephyr/subsys/bluetooth/controller/libsubsys__bluetooth__controller.a(ull.c.obj)
                0x0001371c                ll_init
 .text.ll_reset
                0x000139f0      0x31c zephyr/subsys/bluetooth/controller/libsubsys__bluetooth__controller.a(ull.c.obj)
                0x000139f0                ll_reset
 .text.lll_prepare
                0x00013d0c       0x18 zephyr/subsys/bluetooth/controller/libsubsys__bluetooth__controller.a(lll_common.c.obj)
                0x00013d0c                lll_prepare
 .text.lll_resume
                0x00013d24       0x48 zephyr/subsys/bluetooth/controller/libsubsys__bluetooth__controller.a(lll_common.c.obj)
                0x00013d24                lll_resume
 .text.disabled_cb
                0x00013d6c       0x88 zephyr/subsys/bluetooth/controller/libsubsys__bluetooth__controller.a(ull_adv.c.obj)
 .text.adv_time_get.isra.0
                0x00013df4       0x80 zephyr/subsys/bluetooth/controller/libsubsys__bluetooth__controller.a(ull_adv.c.obj)
 .text.ticker_stop_op_cb
                0x00013e74       0x40 zephyr/subsys/bluetooth/controller/libsubsys__bluetooth__controller.a(ull_adv.c.obj)
 .text.adv_disable
                0x00013eb4       0x78 zephyr/subsys/bluetooth/controller/libsubsys__bluetooth__controller.a(ull_adv.c.obj)
 .text.ticker_update_op_cb
                0x00013f2c       0x34 zephyr/subsys/bluetooth/controller/libsubsys__bluetooth__controller.a(ull_adv.c.obj)
 .text.ticker_stop_cb
                0x00013f60       0x7c zephyr/subsys/bluetooth/controller/libsubsys__bluetooth__controller.a(ull_adv.c.obj)
 .text.ticker_cb
                0x00013fdc      0x124 zephyr/subsys/bluetooth/controller/libsubsys__bluetooth__controller.a(ull_adv.c.obj)
 .text.init_reset
                0x00014100       0x60 zephyr/subsys/bluetooth/controller/libsubsys__bluetooth__controller.a(ull_adv.c.obj)
 .text.conn_release.constprop.0
                0x00014160       0x78 zephyr/subsys/bluetooth/controller/libsubsys__bluetooth__controller.a(ull_adv.c.obj)
 .text.ll_adv_params_set
                0x000141d8      0x1bc zephyr/subsys/bluetooth/controller/libsubsys__bluetooth__controller.a(ull_adv.c.obj)
                0x000141d8                ll_adv_params_set
 .text.ull_adv_init
                0x00014394        0x4 zephyr/subsys/bluetooth/controller/libsubsys__bluetooth__controller.a(ull_adv.c.obj)
                0x00014394                ull_adv_init
 .text.ull_adv_reset
                0x00014398      0x164 zephyr/subsys/bluetooth/controller/libsubsys__bluetooth__controller.a(ull_adv.c.obj)
                0x00014398                ull_adv_reset
 .text.ull_adv_reset_finalize
                0x000144fc       0x20 zephyr/subsys/bluetooth/controller/libsubsys__bluetooth__controller.a(ull_adv.c.obj)
                0x000144fc                ull_adv_reset_finalize
 .text.ull_adv_handle_get
                0x0001451c       0x18 zephyr/subsys/bluetooth/controller/libsubsys__bluetooth__controller.a(ull_adv.c.obj)
                0x0001451c                ull_adv_handle_get
 .text.ull_adv_lll_handle_get
                0x00014534       0x1c zephyr/subsys/bluetooth/controller/libsubsys__bluetooth__controller.a(ull_adv.c.obj)
                0x00014534                ull_adv_lll_handle_get
 .text.ull_adv_is_enabled_get
                0x00014550       0x1c zephyr/subsys/bluetooth/controller/libsubsys__bluetooth__controller.a(ull_adv.c.obj)
                0x00014550                ull_adv_is_enabled_get
 .text.ull_adv_is_enabled
                0x0001456c       0x18 zephyr/subsys/bluetooth/controller/libsubsys__bluetooth__controller.a(ull_adv.c.obj)
                0x0001456c                ull_adv_is_enabled
 .text.ull_adv_filter_pol_get
                0x00014584       0x20 zephyr/subsys/bluetooth/controller/libsubsys__bluetooth__controller.a(ull_adv.c.obj)
                0x00014584                ull_adv_filter_pol_get
 .text.ull_adv_pdu_update_addrs
                0x000145a4       0x64 zephyr/subsys/bluetooth/controller/libsubsys__bluetooth__controller.a(ull_adv.c.obj)
                0x000145a4                ull_adv_pdu_update_addrs
 .text.ull_adv_data_set
                0x00014608       0xf4 zephyr/subsys/bluetooth/controller/libsubsys__bluetooth__controller.a(ull_adv.c.obj)
                0x00014608                ull_adv_data_set
 .text.ll_adv_data_set
                0x000146fc       0x10 zephyr/subsys/bluetooth/controller/libsubsys__bluetooth__controller.a(ull_adv.c.obj)
                0x000146fc                ll_adv_data_set
 .text.ull_scan_rsp_set.part.0
                0x0001470c       0x84 zephyr/subsys/bluetooth/controller/libsubsys__bluetooth__controller.a(ull_adv.c.obj)
 .text.ll_adv_scan_rsp_set
                0x00014790       0x18 zephyr/subsys/bluetooth/controller/libsubsys__bluetooth__controller.a(ull_adv.c.obj)
                0x00014790                ll_adv_scan_rsp_set
 .text.ticker_cb
                0x000147a8       0x88 zephyr/subsys/bluetooth/controller/libsubsys__bluetooth__controller.a(ull_scan.c.obj)
 .text.ull_scan_init
                0x00014830        0x4 zephyr/subsys/bluetooth/controller/libsubsys__bluetooth__controller.a(ull_scan.c.obj)
                0x00014830                ull_scan_init
 .text.ull_scan_disable
                0x00014834       0x3c zephyr/subsys/bluetooth/controller/libsubsys__bluetooth__controller.a(ull_scan.c.obj)
                0x00014834                ull_scan_disable
 .text.disable.constprop.0
                0x00014870       0x40 zephyr/subsys/bluetooth/controller/libsubsys__bluetooth__controller.a(ull_scan.c.obj)
 .text.ll_scan_enable
                0x000148b0       0x88 zephyr/subsys/bluetooth/controller/libsubsys__bluetooth__controller.a(ull_scan.c.obj)
                0x000148b0                ll_scan_enable
 .text.ull_scan_reset
                0x00014938        0xc zephyr/subsys/bluetooth/controller/libsubsys__bluetooth__controller.a(ull_scan.c.obj)
                0x00014938                ull_scan_reset
 .text.ull_scan_handle_get
                0x00014944       0x18 zephyr/subsys/bluetooth/controller/libsubsys__bluetooth__controller.a(ull_scan.c.obj)
                0x00014944                ull_scan_handle_get
 .text.ull_scan_lll_handle_get
                0x0001495c       0x1c zephyr/subsys/bluetooth/controller/libsubsys__bluetooth__controller.a(ull_scan.c.obj)
                0x0001495c                ull_scan_lll_handle_get
 .text.ull_scan_is_enabled_get
                0x00014978       0x1c zephyr/subsys/bluetooth/controller/libsubsys__bluetooth__controller.a(ull_scan.c.obj)
                0x00014978                ull_scan_is_enabled_get
 .text.ull_scan_is_disabled_get
                0x00014994       0x18 zephyr/subsys/bluetooth/controller/libsubsys__bluetooth__controller.a(ull_scan.c.obj)
                0x00014994                ull_scan_is_disabled_get
 .text.ull_scan_is_enabled
                0x000149ac       0x30 zephyr/subsys/bluetooth/controller/libsubsys__bluetooth__controller.a(ull_scan.c.obj)
                0x000149ac                ull_scan_is_enabled
 .text.ull_scan_filter_pol_get
                0x000149dc       0x20 zephyr/subsys/bluetooth/controller/libsubsys__bluetooth__controller.a(ull_scan.c.obj)
                0x000149dc                ull_scan_filter_pol_get
 .text.tx_ull_dequeue
                0x000149fc       0x90 zephyr/subsys/bluetooth/controller/libsubsys__bluetooth__controller.a(ull_conn.c.obj)
 .text.init_reset
                0x00014a8c       0x74 zephyr/subsys/bluetooth/controller/libsubsys__bluetooth__controller.a(ull_conn.c.obj)
 .text.ctrl_tx_pause_enqueue
                0x00014b00       0xe4 zephyr/subsys/bluetooth/controller/libsubsys__bluetooth__controller.a(ull_conn.c.obj)
 .text.tx_lll_flush
                0x00014be4       0xe8 zephyr/subsys/bluetooth/controller/libsubsys__bluetooth__controller.a(ull_conn.c.obj)
 .text.ticker_stop_op_cb
                0x00014ccc       0x58 zephyr/subsys/bluetooth/controller/libsubsys__bluetooth__controller.a(ull_conn.c.obj)
 .text.disabled_cb
                0x00014d24       0x3c zephyr/subsys/bluetooth/controller/libsubsys__bluetooth__controller.a(ull_conn.c.obj)
 .text.conn_disable
                0x00014d60       0x78 zephyr/subsys/bluetooth/controller/libsubsys__bluetooth__controller.a(ull_conn.c.obj)
 .text.conn_setup_adv_scan_disabled_cb
                0x00014dd8       0x18 zephyr/subsys/bluetooth/controller/libsubsys__bluetooth__controller.a(ull_conn.c.obj)
 .text.ticker_start_conn_op_cb
                0x00014df0       0x4c zephyr/subsys/bluetooth/controller/libsubsys__bluetooth__controller.a(ull_conn.c.obj)
 .text.ticker_stop_conn_op_cb
                0x00014e3c       0x4c zephyr/subsys/bluetooth/controller/libsubsys__bluetooth__controller.a(ull_conn.c.obj)
 .text.ticker_update_conn_op_cb
                0x00014e88       0x3c zephyr/subsys/bluetooth/controller/libsubsys__bluetooth__controller.a(ull_conn.c.obj)
 .text.reject_ext_ind_send
                0x00014ec4       0xf4 zephyr/subsys/bluetooth/controller/libsubsys__bluetooth__controller.a(ull_conn.c.obj)
 .text.start_enc_rsp_send
                0x00014fb8       0xe4 zephyr/subsys/bluetooth/controller/libsubsys__bluetooth__controller.a(ull_conn.c.obj)
 .text.event_phy_upd_ind_prep
                0x0001509c      0x3b0 zephyr/subsys/bluetooth/controller/libsubsys__bluetooth__controller.a(ull_conn.c.obj)
 .text.ctrl_tx_sec_enqueue
                0x0001544c      0x15c zephyr/subsys/bluetooth/controller/libsubsys__bluetooth__controller.a(ull_conn.c.obj)
 .text.feature_rsp_send
                0x000155a8       0xfc zephyr/subsys/bluetooth/controller/libsubsys__bluetooth__controller.a(ull_conn.c.obj)
 .text.ll_conn_acquire
                0x000156a4        0xc zephyr/subsys/bluetooth/controller/libsubsys__bluetooth__controller.a(ull_conn.c.obj)
                0x000156a4                ll_conn_acquire
 .text.ll_conn_release
                0x000156b0        0xc zephyr/subsys/bluetooth/controller/libsubsys__bluetooth__controller.a(ull_conn.c.obj)
                0x000156b0                ll_conn_release
 .text.ll_conn_handle_get
                0x000156bc       0x10 zephyr/subsys/bluetooth/controller/libsubsys__bluetooth__controller.a(ull_conn.c.obj)
                0x000156bc                ll_conn_handle_get
 .text.ll_conn_get
                0x000156cc       0x10 zephyr/subsys/bluetooth/controller/libsubsys__bluetooth__controller.a(ull_conn.c.obj)
                0x000156cc                ll_conn_get
 .text.ll_connected_get
                0x000156dc       0x24 zephyr/subsys/bluetooth/controller/libsubsys__bluetooth__controller.a(ull_conn.c.obj)
                0x000156dc                ll_connected_get
 .text.ll_tx_mem_acquire
                0x00015700        0xc zephyr/subsys/bluetooth/controller/libsubsys__bluetooth__controller.a(ull_conn.c.obj)
                0x00015700                ll_tx_mem_acquire
 .text.ll_tx_mem_release
                0x0001570c        0xc zephyr/subsys/bluetooth/controller/libsubsys__bluetooth__controller.a(ull_conn.c.obj)
                0x0001570c                ll_tx_mem_release
 .text.ll_tx_mem_enqueue
                0x00015718       0x94 zephyr/subsys/bluetooth/controller/libsubsys__bluetooth__controller.a(ull_conn.c.obj)
                0x00015718                ll_tx_mem_enqueue
 .text.ll_conn_update
                0x000157ac      0x12c zephyr/subsys/bluetooth/controller/libsubsys__bluetooth__controller.a(ull_conn.c.obj)
                0x000157ac                ll_conn_update
 .text.ll_chm_get
                0x000158d8       0x40 zephyr/subsys/bluetooth/controller/libsubsys__bluetooth__controller.a(ull_conn.c.obj)
                0x000158d8                ll_chm_get
 .text.ll_terminate_ind_send
                0x00015918       0x94 zephyr/subsys/bluetooth/controller/libsubsys__bluetooth__controller.a(ull_conn.c.obj)
                0x00015918                ll_terminate_ind_send
 .text.ll_feature_req_send
                0x000159ac       0x4c zephyr/subsys/bluetooth/controller/libsubsys__bluetooth__controller.a(ull_conn.c.obj)
                0x000159ac                ll_feature_req_send
 .text.ll_version_ind_send
                0x000159f8       0x4c zephyr/subsys/bluetooth/controller/libsubsys__bluetooth__controller.a(ull_conn.c.obj)
                0x000159f8                ll_version_ind_send
 .text.ll_length_req_send
                0x00015a44       0xb0 zephyr/subsys/bluetooth/controller/libsubsys__bluetooth__controller.a(ull_conn.c.obj)
                0x00015a44                ll_length_req_send
 .text.ll_length_default_get
                0x00015af4       0x18 zephyr/subsys/bluetooth/controller/libsubsys__bluetooth__controller.a(ull_conn.c.obj)
                0x00015af4                ll_length_default_get
 .text.ll_length_default_set
                0x00015b0c       0x14 zephyr/subsys/bluetooth/controller/libsubsys__bluetooth__controller.a(ull_conn.c.obj)
                0x00015b0c                ll_length_default_set
 .text.ll_length_max_get
                0x00015b20       0x14 zephyr/subsys/bluetooth/controller/libsubsys__bluetooth__controller.a(ull_conn.c.obj)
                0x00015b20                ll_length_max_get
 .text.ll_phy_get
                0x00015b34       0x3c zephyr/subsys/bluetooth/controller/libsubsys__bluetooth__controller.a(ull_conn.c.obj)
                0x00015b34                ll_phy_get
 .text.ll_phy_default_set
                0x00015b70       0x14 zephyr/subsys/bluetooth/controller/libsubsys__bluetooth__controller.a(ull_conn.c.obj)
                0x00015b70                ll_phy_default_set
 .text.ll_phy_req_send
                0x00015b84       0xa4 zephyr/subsys/bluetooth/controller/libsubsys__bluetooth__controller.a(ull_conn.c.obj)
                0x00015b84                ll_phy_req_send
 .text.ll_apto_get
                0x00015c28       0x48 zephyr/subsys/bluetooth/controller/libsubsys__bluetooth__controller.a(ull_conn.c.obj)
                0x00015c28                ll_apto_get
 .text.ll_apto_set
                0x00015c70       0x44 zephyr/subsys/bluetooth/controller/libsubsys__bluetooth__controller.a(ull_conn.c.obj)
                0x00015c70                ll_apto_set
 .text.ull_conn_init
                0x00015cb4        0x4 zephyr/subsys/bluetooth/controller/libsubsys__bluetooth__controller.a(ull_conn.c.obj)
                0x00015cb4                ull_conn_init
 .text.ull_conn_reset
                0x00015cb8       0x78 zephyr/subsys/bluetooth/controller/libsubsys__bluetooth__controller.a(ull_conn.c.obj)
                0x00015cb8                ull_conn_reset
 .text.ull_conn_default_tx_octets_get
                0x00015d30        0xc zephyr/subsys/bluetooth/controller/libsubsys__bluetooth__controller.a(ull_conn.c.obj)
                0x00015d30                ull_conn_default_tx_octets_get
 .text.ull_conn_default_tx_time_get
                0x00015d3c        0xc zephyr/subsys/bluetooth/controller/libsubsys__bluetooth__controller.a(ull_conn.c.obj)
                0x00015d3c                ull_conn_default_tx_time_get
 .text.ull_conn_default_phy_tx_get
                0x00015d48        0xc zephyr/subsys/bluetooth/controller/libsubsys__bluetooth__controller.a(ull_conn.c.obj)
                0x00015d48                ull_conn_default_phy_tx_get
 .text.ull_conn_default_phy_rx_get
                0x00015d54        0xc zephyr/subsys/bluetooth/controller/libsubsys__bluetooth__controller.a(ull_conn.c.obj)
                0x00015d54                ull_conn_default_phy_rx_get
 .text.ull_conn_setup
                0x00015d60       0x48 zephyr/subsys/bluetooth/controller/libsubsys__bluetooth__controller.a(ull_conn.c.obj)
                0x00015d60                ull_conn_setup
 .text.ull_conn_rx
                0x00015da8     0x19c8 zephyr/subsys/bluetooth/controller/libsubsys__bluetooth__controller.a(ull_conn.c.obj)
                0x00015da8                ull_conn_rx
 .text.ull_conn_llcp
                0x00017770     0x17f0 zephyr/subsys/bluetooth/controller/libsubsys__bluetooth__controller.a(ull_conn.c.obj)
                0x00017770                ull_conn_llcp
 .text.ull_conn_tx_demux
                0x00018f60       0xa0 zephyr/subsys/bluetooth/controller/libsubsys__bluetooth__controller.a(ull_conn.c.obj)
                0x00018f60                ull_conn_tx_demux
 .text.conn_cleanup_finalize
                0x00019000       0xdc zephyr/subsys/bluetooth/controller/libsubsys__bluetooth__controller.a(ull_conn.c.obj)
 .text.ull_conn_done
                0x000190dc      0x3b4 zephyr/subsys/bluetooth/controller/libsubsys__bluetooth__controller.a(ull_conn.c.obj)
                0x000190dc                ull_conn_done
 .text.ull_conn_tx_lll_enqueue
                0x00019490      0x1e4 zephyr/subsys/bluetooth/controller/libsubsys__bluetooth__controller.a(ull_conn.c.obj)
                0x00019490                ull_conn_tx_lll_enqueue
 .text.tx_demux
                0x00019674       0x18 zephyr/subsys/bluetooth/controller/libsubsys__bluetooth__controller.a(ull_conn.c.obj)
 .text.ull_conn_link_tx_release
                0x0001968c        0xc zephyr/subsys/bluetooth/controller/libsubsys__bluetooth__controller.a(ull_conn.c.obj)
                0x0001968c                ull_conn_link_tx_release
 .text.ull_conn_ack_last_idx_get
                0x00019698        0xc zephyr/subsys/bluetooth/controller/libsubsys__bluetooth__controller.a(ull_conn.c.obj)
                0x00019698                ull_conn_ack_last_idx_get
 .text.ull_conn_ack_peek
                0x000196a4       0x34 zephyr/subsys/bluetooth/controller/libsubsys__bluetooth__controller.a(ull_conn.c.obj)
                0x000196a4                ull_conn_ack_peek
 .text.ull_conn_ack_by_last_peek
                0x000196d8       0x2c zephyr/subsys/bluetooth/controller/libsubsys__bluetooth__controller.a(ull_conn.c.obj)
                0x000196d8                ull_conn_ack_by_last_peek
 .text.ull_conn_ack_dequeue
                0x00019704       0x30 zephyr/subsys/bluetooth/controller/libsubsys__bluetooth__controller.a(ull_conn.c.obj)
                0x00019704                ull_conn_ack_dequeue
 .text.ull_conn_lll_ack_enqueue
                0x00019734       0x58 zephyr/subsys/bluetooth/controller/libsubsys__bluetooth__controller.a(ull_conn.c.obj)
                0x00019734                ull_conn_lll_ack_enqueue
 .text.ull_conn_tx_ack
                0x0001978c      0x410 zephyr/subsys/bluetooth/controller/libsubsys__bluetooth__controller.a(ull_conn.c.obj)
                0x0001978c                ull_conn_tx_ack
 .text.ull_conn_llcp_req
                0x00019b9c       0x18 zephyr/subsys/bluetooth/controller/libsubsys__bluetooth__controller.a(ull_conn.c.obj)
                0x00019b9c                ull_conn_llcp_req
 .text.ull_conn_lll_max_tx_octets_get